Component: ARM Compiler 6.14 Tool: armlink [5db06800]

==============================================================================

Section Cross References

    main.o(.text.main) refers to main.o(.text.initClock) for initClock
    main.o(.text.main) refers to main.o(.text.initSysTick) for initSysTick
    main.o(.text.main) refers to main.o(.text.initTimer) for initTimer
    main.o(.text.main) refers to display.o(.text.display_begin) for display_begin
    main.o(.text.main) refers to main.o(.text.SerialBegin) for SerialBegin
    main.o(.text.main) refers to main.o(.text.pinMode) for pinMode
    main.o(.text.main) refers to main.o(.text.enablePullUp) for enablePullUp
    main.o(.text.main) refers to main.o(.text.pauseOff) for pauseOff
    main.o(.text.main) refers to main.o(.text.overOff) for overOff
    main.o(.text.main) refers to main.o(.text.levelOff) for levelOff
    main.o(.text.main) refers to main.o(.text.playBrici) for playBrici
    main.o(.ARM.exidx.text.main) refers to main.o(.text.main) for [Anonymous Symbol]
    main.o(.ARM.exidx.text.initClock) refers to main.o(.text.initClock) for [Anonymous Symbol]
    main.o(.ARM.exidx.text.initSysTick) refers to main.o(.text.initSysTick) for [Anonymous Symbol]
    main.o(.text.initTimer) refers to main.o(.text.pinMode) for pinMode
    main.o(.text.initTimer) refers to aeabi_sdivfast.o(.text_divfast) for __aeabi_uidiv
    main.o(.ARM.exidx.text.initTimer) refers to main.o(.text.initTimer) for [Anonymous Symbol]
    main.o(.text.SerialBegin) refers to main.o(.text.pinMode) for pinMode
    main.o(.ARM.exidx.text.SerialBegin) refers to main.o(.text.SerialBegin) for [Anonymous Symbol]
    main.o(.ARM.exidx.text.pinMode) refers to main.o(.text.pinMode) for [Anonymous Symbol]
    main.o(.ARM.exidx.text.enablePullUp) refers to main.o(.text.enablePullUp) for [Anonymous Symbol]
    main.o(.ARM.exidx.text.pauseOff) refers to main.o(.text.pauseOff) for [Anonymous Symbol]
    main.o(.ARM.exidx.text.overOff) refers to main.o(.text.overOff) for [Anonymous Symbol]
    main.o(.ARM.exidx.text.levelOff) refers to main.o(.text.levelOff) for [Anonymous Symbol]
    main.o(.text.playBrici) refers to main.o(.text.overOff) for overOff
    main.o(.text.playBrici) refers to main.o(.text.eputs) for eputs
    main.o(.text.playBrici) refers to main.o(.text.playTune) for playTune
    main.o(.text.playBrici) refers to display.o(.text.fillRectangle) for fillRectangle
    main.o(.text.playBrici) refers to display.o(.text.RGBToWord) for RGBToWord
    main.o(.text.playBrici) refers to display.o(.text.printText) for printText
    main.o(.text.playBrici) refers to main.o(.text.LeftPressed) for LeftPressed
    main.o(.text.playBrici) refers to main.o(.text.randomize) for randomize
    main.o(.text.playBrici) refers to main.o(.text.random) for random
    main.o(.text.playBrici) refers to main.o(.text.moveBall) for moveBall
    main.o(.text.playBrici) refers to main.o(.text.showBlock) for showBlock
    main.o(.text.playBrici) refers to main.o(.text.showBall) for showBall
    main.o(.text.playBrici) refers to main.o(.text.showBat) for showBat
    main.o(.text.playBrici) refers to display.o(.text.printNumber) for printNumber
    main.o(.text.playBrici) refers to main.o(.rodata.str1.1) for .L.str
    main.o(.text.playBrici) refers to main.o(.data.myTime) for myTime
    main.o(.text.playBrici) refers to main.o(.bss.bat_y) for bat_y
    main.o(.text.playBrici) refers to main.o(.bss.bat_x) for bat_x
    main.o(.text.playBrici) refers to main.o(.bss.ball_x) for ball_x
    main.o(.text.playBrici) refers to main.o(.bss.ball_y) for ball_y
    main.o(.text.playBrici) refers to main.o(.text.RightPressed) for RightPressed
    main.o(.text.playBrici) refers to main.o(.text.moveBat) for moveBat
    main.o(.text.playBrici) refers to main.o(.text.DownPressed) for DownPressed
    main.o(.text.playBrici) refers to main.o(.text.pauseOff) for pauseOff
    main.o(.text.playBrici) refers to main.o(.text.pauseOn) for pauseOn
    main.o(.text.playBrici) refers to main.o(.text.UpPressed) for UpPressed
    main.o(.text.playBrici) refers to main.o(.text.playNote) for playNote
    main.o(.text.playBrici) refers to main.o(.text.blockTouching) for blockTouching
    main.o(.text.playBrici) refers to main.o(.text.hideBlock) for hideBlock
    main.o(.text.playBrici) refers to main.o(.text.levelOn) for levelOn
    main.o(.text.playBrici) refers to main.o(.data.Paused) for Paused
    main.o(.text.playBrici) refers to main.o(.text.playTune3) for playTune3
    main.o(.text.playBrici) refers to main.o(.text.levelOff) for levelOff
    main.o(.text.playBrici) refers to main.o(.text.delay) for delay
    main.o(.text.playBrici) refers to main.o(.text.playTune4) for playTune4
    main.o(.text.playBrici) refers to main.o(.text.overOn) for overOn
    main.o(.text.playBrici) refers to main.o(.text.playTune2) for playTune2
[...]
    Removing main.o(.ARM.exidx.text.eputs), (8 bytes).
    Removing main.o(.ARM.exidx.text.playTune), (8 bytes).
    Removing main.o(.ARM.exidx.text.LeftPressed), (8 bytes).
    Removing main.o(.ARM.exidx.text.randomize), (8 bytes).
    Removing main.o(.ARM.exidx.text.random), (8 bytes).
    Removing main.o(.ARM.exidx.text.moveBall), (8 bytes).
    Removing main.o(.ARM.exidx.text.showBlock), (8 bytes).
    Removing main.o(.ARM.exidx.text.showBall), (8 bytes).
    Removing main.o(.ARM.exidx.text.showBat), (8 bytes).
    Removing main.o(.ARM.exidx.text.RightPressed), (8 bytes).
    Removing main.o(.ARM.exidx.text.moveBat), (8 bytes).
    Removing main.o(.ARM.exidx.text.DownPressed), (8 bytes).
    Removing main.o(.ARM.exidx.text.pauseOn), (8 bytes).
    Removing main.o(.ARM.exidx.text.UpPressed), (8 bytes).
    Removing main.o(.ARM.exidx.text.playNote), (8 bytes).
    Removing main.o(.ARM.exidx.text.overOn), (8 bytes).
    Removing main.o(.ARM.exidx.text.playTune2), (8 bytes).
    Removing main.o(.ARM.exidx.text.blockTouching), (8 bytes).
    Removing main.o(.ARM.exidx.text.hideBlock), (8 bytes).
    Removing main.o(.ARM.exidx.text.levelOn), (8 bytes).
    Removing main.o(.ARM.exidx.text.playTune3), (8 bytes).
    Removing main.o(.ARM.exidx.text.delay), (8 bytes).
    Removing main.o(.ARM.exidx.text.playTune4), (8 bytes).
    Removing main.o(.ARM.exidx.text.keyPressed), (8 bytes).
    Removing main.o(.ARM.exidx.text.SysTick_Handler), (8 bytes).
    Removing main.o(.ARM.exidx.text.egetchar), (8 bytes).
    Removing main.o(.ARM.exidx.text.hideBall), (8 bytes).
    Removing main.o(.ARM.exidx.text.hideBat), (8 bytes).
    Removing main.o(.ARM.exidx.text.eputchar), (8 bytes).
    Removing main.o(.bss.note_index), (4 bytes).
    Removing main.o(.ARM.use_no_argv), (4 bytes).
    Removing display.o(.text), (0 bytes).
    Removing display.o(.ARM.exidx.text.display_begin), (8 bytes).
    Removing display.o(.ARM.exidx.text.initSPI), (8 bytes).
    Removing display.o(.ARM.exidx.text.CSHigh), (8 bytes).
    Removing display.o(.ARM.exidx.text.ResetHigh), (8 bytes).
    Removing display.o(.ARM.exidx.text.ResetLow), (8 bytes).
    Removing display.o(.ARM.exidx.text.CSLow), (8 bytes).
    Removing display.o(.ARM.exidx.text.command), (8 bytes).
    Removing display.o(.ARM.exidx.text.data), (8 bytes).
    Removing display.o(.ARM.exidx.text.fillRectangle), (8 bytes).
    Removing display.o(.ARM.exidx.text.openAperture), (8 bytes).
    Removing display.o(.ARM.exidx.text.DCHigh), (8 bytes).
    Removing display.o(.ARM.exidx.text.transferSPI16), (8 bytes).
    Removing display.o(.text.putPixel), (28 bytes).
    Removing display.o(.ARM.exidx.text.putPixel), (8 bytes).
    Removing display.o(.ARM.exidx.text.putImage), (8 bytes).
    Removing display.o(.text.drawLine), (102 bytes).
    Removing display.o(.ARM.exidx.text.drawLine), (8 bytes).
    Removing display.o(.text.iabs), (8 bytes).
    Removing display.o(.ARM.exidx.text.iabs), (8 bytes).
    Removing display.o(.text.drawLineLowSlope), (102 bytes).
    Removing display.o(.ARM.exidx.text.drawLineLowSlope), (8 bytes).
    Removing display.o(.text.drawLineHighSlope), (102 bytes).
    Removing display.o(.ARM.exidx.text.drawLineHighSlope), (8 bytes).
    Removing display.o(.text.drawRectangle), (86 bytes).
    Removing display.o(.ARM.exidx.text.drawRectangle), (8 bytes).
    Removing display.o(.text.drawCircle), (282 bytes).
    Removing display.o(.ARM.exidx.text.drawCircle), (8 bytes).
    Removing display.o(.text.fillCircle), (242 bytes).
    Removing display.o(.ARM.exidx.text.fillCircle), (8 bytes).
    Removing display.o(.ARM.exidx.text.printText), (8 bytes).
    Removing display.o(.ARM.exidx.text.mystrlen), (8 bytes).
    Removing display.o(.text.printTextX2), (156 bytes).
    Removing display.o(.ARM.exidx.text.printTextX2), (8 bytes).
    Removing display.o(.ARM.exidx.text.printNumber), (8 bytes).
    Removing display.o(.text.printNumberX2), (128 bytes).
    Removing display.o(.ARM.exidx.text.printNumberX2), (8 bytes).
    Removing display.o(.ARM.exidx.text.RGBToWord), (8 bytes).
    Removing display.o(.text.clear), (22 bytes).
    Removing display.o(.ARM.exidx.text.clear), (8 bytes).
    Removing display.o(.text.invertDisplay), (38 bytes).
    Removing display.o(.ARM.exidx.text.invertDisplay), (8 bytes).
    Removing display.o(.ARM.exidx.text.transferSPI8), (8 bytes).
    Removing display.o(.ARM.exidx.text.DCLow), (8 bytes).
    Removing system_stm32f0xx.o(.text), (0 bytes).
    Removing system_stm32f0xx.o(.ARM.exidx.text.SystemInit), (8 bytes).
    Removing system_stm32f0xx.o(.text.SystemCoreClockUpdate), (96 bytes).
    Removing system_stm32f0xx.o(.ARM.exidx.text.SystemCoreClockUpdate), (8 bytes).
    Removing system_stm32f0xx.o(.data.SystemCoreClock), (4 bytes).
    Removing system_stm32f0xx.o(.rodata.AHBPrescTable), (16 bytes).
    Removing system_stm32f0xx.o(.rodata.APBPrescTable), (8 bytes).

94 unused section(s) (total 2012 bytes) removed from the image.

==============================================================================

Image Symbol Table

    Local Symbols

    Symbol Name                              Value     Ov Type        Size  Object(Section)

    ../clib/../cmprslib/zerorunl2.c          0x00000000   Number         0  __dczerorl2.o ABSOLUTE
    ../clib/angel/boardlib.s                 0x00000000   Number         0  boardinit1.o ABSOLUTE
    ../clib/angel/boardlib.s                 0x00000000   Number         0  boardinit2.o ABSOLUTE
    ../clib/angel/boardlib.s                 0x00000000   Number         0  boardinit3.o ABSOLUTE
    ../clib/angel/boardlib.s                 0x00000000   Number         0  boardshut.o ABSOLUTE
    ../clib/angel/handlers.s                 0x00000000   Number         0  __scatter_zi.o ABSOLUTE
    ../clib/angel/kernel.s                   0x00000000   Number         0  __rtentry.o ABSOLUTE
    ../clib/angel/kernel.s                   0x00000000   Number         0  __rtentry2.o ABSOLUTE
    ../clib/angel/kernel.s                   0x00000000   Number         0  __rtentry4.o ABSOLUTE
    ../clib/angel/kernel.s                   0x00000000   Number         0  rtexit.o ABSOLUTE
    ../clib/angel/kernel.s                   0x00000000   Number         0  rtexit2.o ABSOLUTE
    ../clib/angel/rt.s                       0x00000000   Number         0  aeabi_idiv0.o ABSOLUTE
    ../clib/angel/rt.s                       0x00000000   Number         0  aeabi_idiv0_sigfpe.o ABSOLUTE
    ../clib/angel/rt.s                       0x00000000   Number         0  rt_div0.o ABSOLUTE
    ../clib/angel/rt.s                       0x00000000   Number         0  rt_raise.o ABSOLUTE
    ../clib/angel/scatterp.s                 0x00000000   Number         0  __scatter.o ABSOLUTE
    ../clib/angel/startup.s                  0x00000000   Number         0  __main.o ABSOLUTE
    ../clib/angel/sys.s                      0x00000000   Number         0  sys_stackheap_outer.o ABSOLUTE
    ../clib/angel/sys.s                      0x00000000   Number         0  libspace.o ABSOLUTE
    ../clib/angel/sys.s                      0x00000000   Number         0  tempstk.o ABSOLUTE
    ../clib/angel/sys.s                      0x00000000   Number         0  use_no_semi.o ABSOLUTE
    ../clib/angel/sys.s                      0x00000000   Number         0  indicate_semi.o ABSOLUTE
    ../clib/angel/sysapp.c                   0x00000000   Number         0  sys_exit.o ABSOLUTE
    ../clib/angel/sysapp.c                   0x00000000   Number         0  sys_exit_hlt.o ABSOLUTE
    ../clib/angel/sysapp.c                   0x00000000   Number         0  sys_wrch.o ABSOLUTE
    ../clib/angel/sysapp.c                   0x00000000   Number         0  sys_wrch_hlt.o ABSOLUTE
    ../clib/angel/sysapp.c                   0x00000000   Number         0  sys_command.o ABSOLUTE
    ../clib/angel/sysapp.c                   0x00000000   Number         0  sys_command_hlt.o ABSOLUTE
    ../clib/armsys.c                         0x00000000   Number         0  argv_veneer.o ABSOLUTE
    ../clib/armsys.c                         0x00000000   Number         0  _get_argv_nomalloc.o ABSOLUTE
    ../clib/armsys.c                         0x00000000   Number         0  no_argv.o ABSOLUTE
    ../clib/division.s                       0x00000000   Number         0  aeabi_sdivfast.o ABSOLUTE
    ../clib/division.s                       0x00000000   Number         0  aeabi_sdivfast_div0.o ABSOLUTE
    ../clib/heapalloc.c                      0x00000000   Number         0  hrguard.o ABSOLUTE
    ../clib/heapaux.c                        0x00000000   Number         0  heapauxi.o ABSOLUTE
    ../clib/libinit.s                        0x00000000   Number         0  libinit.o ABSOLUTE
    ../clib/libinit.s                        0x00000000   Number         0  libinit2.o ABSOLUTE
    ../clib/libinit.s                        0x00000000   Number         0  libshutdown.o ABSOLUTE
    ../clib/libinit.s                        0x00000000   Number         0  libshutdown2.o ABSOLUTE
    ../clib/signal.c                         0x00000000   Number         0  defsig_fpe_outer.o ABSOLUTE
    ../clib/signal.c                         0x00000000   Number         0  defsig_fpe_formal.o ABSOLUTE
    ../clib/signal.c                         0x00000000   Number         0  defsig_exit.o ABSOLUTE
    ../clib/signal.c                         0x00000000   Number         0  defsig_fpe_inner.o ABSOLUTE
    ../clib/signal.c                         0x00000000   Number         0  __raise.o ABSOLUTE
    ../clib/signal.c                         0x00000000   Number         0  defsig_general.o ABSOLUTE
    ../clib/signal.c                         0x00000000   Number         0  defsig_abrt_inner.o ABSOLUTE
    ../clib/signal.c                         0x00000000   Number         0  defsig_rtred_inner.o ABSOLUTE
    ../clib/signal.c                         0x00000000   Number         0  defsig_rtmem_inner.o ABSOLUTE
    ../clib/signal.c                         0x00000000   Number         0  defsig_rtmem_outer.o ABSOLUTE
    ../clib/signal.c                         0x00000000   Number         0  defsig_rtmem_formal.o ABSOLUTE
    ../clib/signal.c                         0x00000000   Number         0  defsig_stak_inner.o ABSOLUTE
    ../clib/signal.c                         0x00000000   Number         0  defsig_pvfn_inner.o ABSOLUTE
    ../clib/signal.c                         0x00000000   Number         0  defsig_cppl_inner.o ABSOLUTE
    ../clib/signal.c                         0x00000000   Number         0  defsig_segv_inner.o ABSOLUTE
    ../clib/signal.c                         0x00000000   Number         0  defsig_other.o ABSOLUTE
    ../clib/signal.s                         0x00000000   Number         0  defsig.o ABSOLUTE
    ../clib/stdlib.c                         0x00000000   Number         0  exit.o ABSOLUTE
    ../fplib/cfplib/fpinit.c                 0x00000000   Number         0  fpinit.o ABSOLUTE
    RTE/Device/STM32F031K6Tx/startup_stm32f031x6.s 0x00000000   Number         0  startup_stm32f031x6.o ABSOLUTE
    dc.s                                     0x00000000   Number         0  dc.o ABSOLUTE
    display.c                                0x00000000   Number         0  display.o ABSOLUTE
    main.c                                   0x00000000   Number         0  main.o ABSOLUTE
    system_stm32f0xx.c                       0x00000000   Number         0  system_stm32f0xx.o ABSOLUTE
    RESET                                    0x08000000   Section      176  startup_stm32f031x6.o(RESET)
    !!!main                                  0x080000b0   Section        8  __main.o(!!!main)
    !!!scatter                               0x080000b8   Section       60  __scatter.o(!!!scatter)
    !!handler_zi                             0x080000f4   Section       28  __scatter_zi.o(!!handler_zi)
    .ARM.Collect$$libinit$$00000000          0x08000110   Section        2  libinit.o(.ARM.Collect$$libinit$$00000000)
    .ARM.Collect$$libinit$$00000002          0x08000112   Section        0  libinit2.o(.ARM.Collect$$libinit$$00000002)
    .ARM.Collect$$libinit$$00000004          0x08000112   Section        0  libinit2.o(.ARM.Collect$$libinit$$00000004)
    .ARM.Collect$$libinit$$0000000A          0x08000112   Section        0  libinit2.o(.ARM.Collect$$libinit$$0000000A)
    .ARM.Collect$$libinit$$0000000C          0x08000112   Section        0  libinit2.o(.ARM.Collect$$libinit$$0000000C)
    .ARM.Collect$$libinit$$0000000E          0x08000112   Section        0  libinit2.o(.ARM.Collect$$libinit$$0000000E)
    .ARM.Collect$$libinit$$00000011          0x08000112   Section        0  libinit2.o(.ARM.Collect$$libinit$$00000011)
    .ARM.Collect$$libinit$$00000013          0x08000112   Section        0  libinit2.o(.ARM.Collect$$libinit$$00000013)
    .ARM.Collect$$libinit$$00000015          0x08000112   Section        0  libinit2.o(.ARM.Collect$$libinit$$00000015)
    .ARM.Collect$$libinit$$00000017          0x08000112   Section        0  libinit2.o(.ARM.Collect$$libinit$$00000017)
    .ARM.Collect$$libinit$$00000019          0x08000112   Section        0  libinit2.o(.ARM.Collect$$libinit$$00000019)
    .ARM.Collect$$libinit$$0000001B          0x08000112   Section        0  libinit2.o(.ARM.Collect$$libinit$$0000001B)
    .ARM.Collect$$libinit$$0000001D          0x08000112   Section        0  libinit2.o(.ARM.Collect$$libinit$$0000001D)
    .ARM.Collect$$libinit$$0000001F          0x08000112   Section        0  libinit2.o(.ARM.Collect$$libinit$$0000001F)
    .ARM.Collect$$libinit$$00000021          0x08000112   Section        0  libinit2.o(.ARM.Collect$$libinit$$00000021)
    .ARM.Collect$$libinit$$00000023          0x08000112   Section        0  libinit2.o(.ARM.Collect$$libinit$$00000023)
    .ARM.Collect$$libinit$$00000025          0x08000112   Section        0  libinit2.o(.ARM.Collect$$libinit$$00000025)
    .ARM.Collect$$libinit$$0000002C          0x08000112   Section        0  libinit2.o(.ARM.Collect$$libinit$$0000002C)
    .ARM.Collect$$libinit$$0000002E          0x08000112   Section        0  libinit2.o(.ARM.Collect$$libinit$$0000002E)
    .ARM.Collect$$libinit$$00000030          0x08000112   Section        0  libinit2.o(.ARM.Collect$$libinit$$00000030)
    .ARM.Collect$$libinit$$00000032          0x08000112   Section        0  libinit2.o(.ARM.Collect$$libinit$$00000032)
    .ARM.Collect$$libinit$$00000033          0x08000112   Section        2  libinit2.o(.ARM.Collect$$libinit$$00000033)
    .ARM.Collect$$libshutdown$$00000000      0x08000114   Section        2  libshutdown.o(.ARM.Collect$$libshutdown$$00000000)
    .ARM.Collect$$libshutdown$$00000002      0x08000116   Section        0  libshutdown2.o(.ARM.Collect$$libshutdown$$00000002)
    .ARM.Collect$$libshutdown$$00000004      0x08000116   Section        0  libshutdown2.o(.ARM.Collect$$libshutdown$$00000004)
    .ARM.Collect$$libshutdown$$00000007      0x08000116   Section        0  libshutdown2.o(.ARM.Collect$$libshutdown$$00000007)
    .ARM.Collect$$libshutdown$$0000000A      0x08000116   Section        0  libshutdown2.o(.ARM.Collect$$libshutdown$$0000000A)
    .ARM.Collect$$libshutdown$$0000000C      0x08000116   Section        0  libshutdown2.o(.ARM.Collect$$libshutdown$$0000000C)
    .ARM.Collect$$libshutdown$$0000000F      0x08000116   Section        0  libshutdown2.o(.ARM.Collect$$libshutdown$$0000000F)
    .ARM.Collect$$libshutdown$$00000010      0x08000116   Section        2  libshutdown2.o(.ARM.Collect$$libshutdown$$00000010)
    .ARM.Collect$$rtentry$$00000000          0x08000118   Section        0  __rtentry.o(.ARM.Collect$$rtentry$$00000000)
    .ARM.Collect$$rtentry$$00000002          0x08000118   Section        0  __rtentry2.o(.ARM.Collect$$rtentry$$00000002)
    .ARM.Collect$$rtentry$$00000004          0x08000118   Section        6  __rtentry4.o(.ARM.Collect$$rtentry$$00000004)
    .ARM.Collect$$rtentry$$00000009          0x0800011e   Section        0  __rtentry2.o(.ARM.Collect$$rtentry$$00000009)
    .ARM.Collect$$rtentry$$0000000A          0x0800011e   Section        4  __rtentry2.o(.ARM.Collect$$rtentry$$0000000A)
    .ARM.Collect$$rtentry$$0000000C          0x08000122   Section        0  __rtentry2.o(.ARM.Collect$$rtentry$$0000000C)
    .ARM.Collect$$rtentry$$0000000D          0x08000122   Section        8  __rtentry2.o(.ARM.Collect$$rtentry$$0000000D)
    .ARM.Collect$$rtexit$$00000000           0x0800012a   Section        2  rtexit.o(.ARM.Collect$$rtexit$$00000000)
    .ARM.Collect$$rtexit$$00000002           0x0800012c   Section        0  rtexit2.o(.ARM.Collect$$rtexit$$00000002)
    .ARM.Collect$$rtexit$$00000003           0x0800012c   Section        4  rtexit2.o(.ARM.Collect$$rtexit$$00000003)
    .ARM.Collect$$rtexit$$00000004           0x08000130   Section        6  rtexit2.o(.ARM.Collect$$rtexit$$00000004)
    .text                                    0x08000138   Section       56  startup_stm32f031x6.o(.text)
    .text                                    0x08000170   Section      504  aeabi_sdivfast.o(.text)
    .text                                    0x08000368   Section        0  heapauxi.o(.text)
    .text                                    0x0800036e   Section       62  sys_stackheap_outer.o(.text)
    .text                                    0x080003ac   Section        0  exit.o(.text)
    .text                                    0x080003bc   Section        8  libspace.o(.text)
    .text                                    0x080003c4   Section        0  sys_exit.o(.text)
    .text                                    0x080003d0   Section        2  use_no_semi.o(.text)
    .text                                    0x080003d2   Section        0  indicate_semi.o(.text)
    .text                                    0x080003d2   Section        0  __dczerorl2.o(.text)
    CSHigh                                   0x08000429   Thumb Code    12  display.o(.text.CSHigh)
    [Anonymous Symbol]                       0x08000428   Section        0  display.o(.text.CSHigh)
    CSLow                                    0x08000435   Thumb Code    12  display.o(.text.CSLow)
    [Anonymous Symbol]                       0x08000434   Section        0  display.o(.text.CSLow)
    DCHigh                                   0x08000441   Thumb Code    12  display.o(.text.DCHigh)
    [Anonymous Symbol]                       0x08000440   Section        0  display.o(.text.DCHigh)
    DCLow                                    0x0800044d   Thumb Code    12  display.o(.text.DCLow)
    [Anonymous Symbol]                       0x0800044c   Section        0  display.o(.text.DCLow)
    [Anonymous Symbol]                       0x08000458   Section        0  main.o(.text.DownPressed)
    [Anonymous Symbol]                       0x08000484   Section        0  main.o(.text.LeftPressed)
    [Anonymous Symbol]                       0x080004b0   Section        0  display.o(.text.RGBToWord)
    ResetHigh                                0x080004c9   Thumb Code    12  display.o(.text.ResetHigh)
    [Anonymous Symbol]                       0x080004c8   Section        0  display.o(.text.ResetHigh)
    ResetLow                                 0x080004d5   Thumb Code    16  display.o(.text.ResetLow)
    [Anonymous Symbol]                       0x080004d4   Section        0  display.o(.text.ResetLow)
    __arm_cp.4_0                             0x080004e0   Number         4  display.o(.text.ResetLow)
    [Anonymous Symbol]                       0x080004e4   Section        0  main.o(.text.RightPressed)
    __arm_cp.20_0                            0x08000510   Number         4  main.o(.text.RightPressed)
    [Anonymous Symbol]                       0x08000514   Section        0  main.o(.text.SerialBegin)
    __arm_cp.4_0                             0x080005a0   Number         4  main.o(.text.SerialBegin)
    __arm_cp.4_1                             0x080005a4   Number         4  main.o(.text.SerialBegin)
    __arm_cp.4_2                             0x080005a8   Number         4  main.o(.text.SerialBegin)
    __arm_cp.4_3                             0x080005ac   Number         4  main.o(.text.SerialBegin)
    __arm_cp.4_4                             0x080005b0   Number         4  main.o(.text.SerialBegin)
    [Anonymous Symbol]                       0x080005b4   Section        0  main.o(.text.SysTick_Handler)
    __arm_cp.35_1                            0x080005d8   Number         4  main.o(.text.SysTick_Handler)
    __arm_cp.35_2                            0x080005dc   Number         4  main.o(.text.SysTick_Handler)
    [Anonymous Symbol]                       0x080005e0   Section        0  system_stm32f0xx.o(.text.SystemInit)
    [Anonymous Symbol]                       0x080005e4   Section        0  main.o(.text.UpPressed)
    __arm_cp.24_0                            0x08000610   Number         4  main.o(.text.UpPressed)
    [Anonymous Symbol]                       0x08000614   Section        0  main.o(.text.blockTouching)
    command                                  0x0800068d   Thumb Code    16  display.o(.text.command)
    [Anonymous Symbol]                       0x0800068c   Section        0  display.o(.text.command)
    data                                     0x0800069d   Thumb Code    16  display.o(.text.data)
    [Anonymous Symbol]                       0x0800069c   Section        0  display.o(.text.data)
    [Anonymous Symbol]                       0x080006ac   Section        0  main.o(.text.delay)
    __arm_cp.32_0                            0x080006cc   Number         4  main.o(.text.delay)
    [Anonymous Symbol]                       0x080006d0   Section        0  display.o(.text.display_begin)
    __arm_cp.0_0                             0x080008e0   Number         4  display.o(.text.display_begin)
    [Anonymous Symbol]                       0x080008e4   Section        0  main.o(.text.egetchar)
    [Anonymous Symbol]                       0x080008f4   Section        0  main.o(.text.enablePullUp)
    [Anonymous Symbol]                       0x0800090c   Section        0  main.o(.text.eputchar)
    [Anonymous Symbol]                       0x08000920   Section        0  main.o(.text.eputs)
    [Anonymous Symbol]                       0x0800093c   Section        0  display.o(.text.fillRectangle)
    [Anonymous Symbol]                       0x0800096c   Section        0  main.o(.text.hideBall)
    __arm_cp.37_0                            0x08000988   Number         4  main.o(.text.hideBall)
    [Anonymous Symbol]                       0x0800098c   Section        0  main.o(.text.hideBat)
    [Anonymous Symbol]                       0x080009a8   Section        0  main.o(.text.hideBlock)
    __arm_cp.29_0                            0x080009c8   Number         4  main.o(.text.hideBlock)
    [Anonymous Symbol]                       0x080009cc   Section        0  main.o(.text.initClock)
    __arm_cp.1_0                             0x08000a28   Number         4  main.o(.text.initClock)
    __arm_cp.1_1                             0x08000a2c   Number         4  main.o(.text.initClock)
    initSPI                                  0x08000a31   Thumb Code    88  display.o(.text.initSPI)
    [Anonymous Symbol]                       0x08000a30   Section        0  display.o(.text.initSPI)
    __arm_cp.1_0                             0x08000a78   Number         4  display.o(.text.initSPI)
    __arm_cp.1_1                             0x08000a7c   Number         4  display.o(.text.initSPI)
    __arm_cp.1_2                             0x08000a80   Number         4  display.o(.text.initSPI)
    __arm_cp.1_3                             0x08000a84   Number         4  display.o(.text.initSPI)
    [Anonymous Symbol]                       0x08000a88   Section        0  main.o(.text.initSysTick)
    __arm_cp.2_0                             0x08000a9c   Number         4  main.o(.text.initSysTick)
    __arm_cp.2_1                             0x08000aa0   Number         4  main.o(.text.initSysTick)
    [Anonymous Symbol]                       0x08000aa4   Section        0  main.o(.text.initTimer)
    __arm_cp.3_0                             0x08000b04   Number         4  main.o(.text.initTimer)
    __arm_cp.3_1                             0x08000b08   Number         4  main.o(.text.initTimer)
    __arm_cp.3_2                             0x08000b0c   Number         4  main.o(.text.initTimer)
    __arm_cp.3_3                             0x08000b10   Number         4  main.o(.text.initTimer)
    [Anonymous Symbol]                       0x08000b14   Section        0  main.o(.text.keyPressed)
    __arm_cp.34_0                            0x08000b20   Number         4  main.o(.text.keyPressed)
    [Anonymous Symbol]                       0x08000b24   Section        0  main.o(.text.levelOff)
    [Anonymous Symbol]                       0x08000b30   Section        0  main.o(.text.levelOn)
    [Anonymous Symbol]                       0x08000b3c   Section        0  main.o(.text.main)
    __arm_cp.0_0                             0x08000bfc   Number         4  main.o(.text.main)
    __arm_cp.0_1                             0x08000c00   Number         4  main.o(.text.main)
    [Anonymous Symbol]                       0x08000c04   Section        0  main.o(.text.moveBall)
    __arm_cp.16_0                            0x08000c1c   Number         4  main.o(.text.moveBall)
    __arm_cp.16_1                            0x08000c20   Number         4  main.o(.text.moveBall)
    [Anonymous Symbol]                       0x08000c24   Section        0  main.o(.text.moveBat)
    __arm_cp.21_0                            0x08000c3c   Number         4  main.o(.text.moveBat)
    __arm_cp.21_1                            0x08000c40   Number         4  main.o(.text.moveBat)
    mystrlen                                 0x08000c45   Thumb Code    24  display.o(.text.mystrlen)
    [Anonymous Symbol]                       0x08000c44   Section        0  display.o(.text.mystrlen)
    [Anonymous Symbol]                       0x08000c5c   Section        0  display.o(.text.openAperture)
    [Anonymous Symbol]                       0x08000cb0   Section        0  main.o(.text.overOff)
    [Anonymous Symbol]                       0x08000cbc   Section        0  main.o(.text.overOn)
    __arm_cp.26_0                            0x08000cc8   Number         4  main.o(.text.overOn)
    [Anonymous Symbol]                       0x08000ccc   Section        0  main.o(.text.pauseOff)
    [Anonymous Symbol]                       0x08000cd8   Section        0  main.o(.text.pauseOn)
    __arm_cp.23_0                            0x08000ce4   Number         4  main.o(.text.pauseOn)
    [Anonymous Symbol]                       0x08000ce8   Section        0  main.o(.text.pinMode)
    [Anonymous Symbol]                       0x08000cfc   Section        0  main.o(.text.playBrici)
    __arm_cp.10_123                          0x080010f8   Number         4  main.o(.text.playBrici)
    __arm_cp.10_124                          0x080010fc   Number         4  main.o(.text.playBrici)
    __arm_cp.10_125                          0x08001100   Number         4  main.o(.text.playBrici)
    __arm_cp.10_126                          0x08001104   Number         4  main.o(.text.playBrici)
    __arm_cp.10_127                          0x08001108   Number         4  main.o(.text.playBrici)
    __arm_cp.10_128                          0x0800110c   Number         4  main.o(.text.playBrici)
    __arm_cp.10_129                          0x08001110   Number         4  main.o(.text.playBrici)
    __arm_cp.10_130                          0x08001114   Number         4  main.o(.text.playBrici)
    __arm_cp.10_132                          0x0800111c   Number         4  main.o(.text.playBrici)
    __arm_cp.10_133                          0x08001120   Number         4  main.o(.text.playBrici)
    __arm_cp.10_134                          0x08001124   Number         4  main.o(.text.playBrici)
    __arm_cp.10_135                          0x08001128   Number         4  main.o(.text.playBrici)
    __arm_cp.10_136                          0x0800112c   Number         4  main.o(.text.playBrici)
    __arm_cp.10_137                          0x08001130   Number         4  main.o(.text.playBrici)
    __arm_cp.10_138                          0x08001134   Number         4  main.o(.text.playBrici)
    __arm_cp.10_139                          0x08001138   Number         4  main.o(.text.playBrici)
    __arm_cp.10_140                          0x0800113c   Number         4  main.o(.text.playBrici)
    __arm_cp.10_141                          0x08001140   Number         4  main.o(.text.playBrici)
    __arm_cp.10_142                          0x08001144   Number         4  main.o(.text.playBrici)
    __arm_cp.10_143                          0x08001148   Number         4  main.o(.text.playBrici)
    __arm_cp.10_144                          0x0800114c   Number         4  main.o(.text.playBrici)
    __arm_cp.10_145                          0x08001150   Number         4  main.o(.text.playBrici)
    __arm_cp.10_146                          0x08001154   Number         4  main.o(.text.playBrici)
    __arm_cp.10_147                          0x08001158   Number         4  main.o(.text.playBrici)
    __arm_cp.10_148                          0x0800115c   Number         4  main.o(.text.playBrici)
    __arm_cp.10_149                          0x08001160   Number         4  main.o(.text.playBrici)
    __arm_cp.10_150                          0x08001164   Number         4  main.o(.text.playBrici)
    __arm_cp.10_151                          0x08001168   Number         4  main.o(.text.playBrici)
    __arm_cp.10_152                          0x0800116c   Number         4  main.o(.text.playBrici)
    __arm_cp.10_153                          0x08001170   Number         4  main.o(.text.playBrici)
    __arm_cp.10_154                          0x08001174   Number         4  main.o(.text.playBrici)
    __arm_cp.10_155                          0x08001178   Number         4  main.o(.text.playBrici)
    __arm_cp.10_156                          0x0800117c   Number         4  main.o(.text.playBrici)
    __arm_cp.10_157                          0x08001180   Number         4  main.o(.text.playBrici)
    __arm_cp.10_158                          0x08001184   Number         4  main.o(.text.playBrici)
    __arm_cp.10_159                          0x08001188   Number         4  main.o(.text.playBrici)
    __arm_cp.10_160                          0x0800118c   Number         4  main.o(.text.playBrici)
    __arm_cp.10_161                          0x08001190   Number         4  main.o(.text.playBrici)
    __arm_cp.10_162                          0x08001194   Number         4  main.o(.text.playBrici)
    __arm_cp.10_163                          0x08001198   Number         4  main.o(.text.playBrici)
    __arm_cp.10_164                          0x0800119c   Number         4  main.o(.text.playBrici)
    __arm_cp.10_165                          0x080011a0   Number         4  main.o(.text.playBrici)
    __arm_cp.10_166                          0x080011a4   Number         4  main.o(.text.playBrici)
    __arm_cp.10_167                          0x080011a8   Number         4  main.o(.text.playBrici)
    __arm_cp.10_168                          0x080011ac   Number         4  main.o(.text.playBrici)
    __arm_cp.10_169                          0x080011b0   Number         4  main.o(.text.playBrici)
    __arm_cp.10_170                          0x080011b4   Number         4  main.o(.text.playBrici)
    __arm_cp.10_171                          0x080011b8   Number         4  main.o(.text.playBrici)
    __arm_cp.10_172                          0x080011bc   Number         4  main.o(.text.playBrici)
    __arm_cp.10_173                          0x080011c0   Number         4  main.o(.text.playBrici)
    __arm_cp.10_174                          0x080011c4   Number         4  main.o(.text.playBrici)
    __arm_cp.10_175                          0x080011c8   Number         4  main.o(.text.playBrici)
    __arm_cp.10_177                          0x080011f4   Number         4  main.o(.text.playBrici)
    __arm_cp.10_178                          0x080011f8   Number         4  main.o(.text.playBrici)
    __arm_cp.10_179                          0x080011fc   Number         4  main.o(.text.playBrici)
    __arm_cp.10_180                          0x08001200   Number         4  main.o(.text.playBrici)
    __arm_cp.10_188                          0x08001220   Number         4  main.o(.text.playBrici)
    __arm_cp.10_200                          0x0800169c   Number         4  main.o(.text.playBrici)
    __arm_cp.10_201                          0x080016a0   Number         4  main.o(.text.playBrici)
    __arm_cp.10_202                          0x080016a4   Number         4  main.o(.text.playBrici)
    __arm_cp.10_203                          0x080016a8   Number         4  main.o(.text.playBrici)
    __arm_cp.10_204                          0x080016ac   Number         4  main.o(.text.playBrici)
    __arm_cp.10_205                          0x080016b0   Number         4  main.o(.text.playBrici)
    __arm_cp.10_206                          0x080016b4   Number         4  main.o(.text.playBrici)
    __arm_cp.10_207                          0x080016b8   Number         4  main.o(.text.playBrici)
    __arm_cp.10_208                          0x080016bc   Number         4  main.o(.text.playBrici)
    __arm_cp.10_209                          0x080016c0   Number         4  main.o(.text.playBrici)
    __arm_cp.10_210                          0x080016c4   Number         4  main.o(.text.playBrici)
    __arm_cp.10_211                          0x080016c8   Number         4  main.o(.text.playBrici)
    __arm_cp.10_212                          0x080016cc   Number         4  main.o(.text.playBrici)
    __arm_cp.10_213                          0x080016d0   Number         4  main.o(.text.playBrici)
    __arm_cp.10_214                          0x080016d4   Number         4  main.o(.text.playBrici)
    __arm_cp.10_215                          0x080016d8   Number         4  main.o(.text.playBrici)
    __arm_cp.10_216                          0x080016dc   Number         4  main.o(.text.playBrici)
    __arm_cp.10_217                          0x080016e0   Number         4  main.o(.text.playBrici)
    __arm_cp.10_218                          0x080016e4   Number         4  main.o(.text.playBrici)
    __arm_cp.10_221                          0x080016f0   Number         4  main.o(.text.playBrici)
    __arm_cp.10_222                          0x080016f4   Number         4  main.o(.text.playBrici)
    __arm_cp.10_223                          0x080016f8   Number         4  main.o(.text.playBrici)
    __arm_cp.10_224                          0x080016fc   Number         4  main.o(.text.playBrici)
    __arm_cp.10_225                          0x08001700   Number         4  main.o(.text.playBrici)
    __arm_cp.10_226                          0x08001854   Number         4  main.o(.text.playBrici)
    __arm_cp.10_8                            0x08001858   Number         4  main.o(.text.playBrici)
    __arm_cp.10_58                           0x0800185c   Number         4  main.o(.text.playBrici)
    __arm_cp.10_59                           0x08001860   Number         4  main.o(.text.playBrici)
    __arm_cp.10_60                           0x08001864   Number         4  main.o(.text.playBrici)
    __arm_cp.10_61                           0x08001868   Number         4  main.o(.text.playBrici)
    __arm_cp.10_62                           0x0800186c   Number         4  main.o(.text.playBrici)
    __arm_cp.10_63                           0x08001870   Number         4  main.o(.text.playBrici)
    __arm_cp.10_64                           0x08001874   Number         4  main.o(.text.playBrici)
    __arm_cp.10_66                           0x08001878   Number         4  main.o(.text.playBrici)
    __arm_cp.10_67                           0x0800187c   Number         4  main.o(.text.playBrici)
    __arm_cp.10_74                           0x08001880   Number         4  main.o(.text.playBrici)
    __arm_cp.10_75                           0x08001884   Number         4  main.o(.text.playBrici)
    __arm_cp.10_77                           0x08001888   Number         4  main.o(.text.playBrici)
    __arm_cp.10_79                           0x08001898   Number         4  main.o(.text.playBrici)
    __arm_cp.10_103                          0x0800189c   Number         4  main.o(.text.playBrici)
    __arm_cp.10_104                          0x080018a0   Number         4  main.o(.text.playBrici)
    __arm_cp.10_105                          0x080018a4   Number         4  main.o(.text.playBrici)
    __arm_cp.10_106                          0x080018a8   Number         4  main.o(.text.playBrici)
    __arm_cp.10_107                          0x080018ac   Number         4  main.o(.text.playBrici)
    __arm_cp.10_108                          0x080018b0   Number         4  main.o(.text.playBrici)
    __arm_cp.10_109                          0x080018b4   Number         4  main.o(.text.playBrici)
    __arm_cp.10_111                          0x080018b8   Number         4  main.o(.text.playBrici)
    __arm_cp.10_112                          0x080018bc   Number         4  main.o(.text.playBrici)
    __arm_cp.10_113                          0x080018c0   Number         4  main.o(.text.playBrici)
    __arm_cp.10_114                          0x080018c4   Number         4  main.o(.text.playBrici)
    __arm_cp.10_115                          0x080018c8   Number         4  main.o(.text.playBrici)
    __arm_cp.10_116                          0x080018cc   Number         4  main.o(.text.playBrici)
    __arm_cp.10_117                          0x080018d0   Number         4  main.o(.text.playBrici)
    __arm_cp.10_118                          0x080018d4   Number         4  main.o(.text.playBrici)
    __arm_cp.10_119                          0x080018d8   Number         4  main.o(.text.playBrici)
    __arm_cp.10_120                          0x080018dc   Number         4  main.o(.text.playBrici)
    __arm_cp.10_121                          0x080018e0   Number         4  main.o(.text.playBrici)
    __arm_cp.10_122                          0x080018e4   Number         4  main.o(.text.playBrici)
    [Anonymous Symbol]                       0x080018e8   Section        0  main.o(.text.playNote)
    __arm_cp.25_0                            0x08001930   Number         4  main.o(.text.playNote)
    __arm_cp.25_1                            0x08001934   Number         4  main.o(.text.playNote)
    __arm_cp.25_2                            0x08001938   Number         4  main.o(.text.playNote)
    [Anonymous Symbol]                       0x0800193c   Section        0  main.o(.text.playTune)
    __arm_cp.12_1                            0x08001964   Number         4  main.o(.text.playTune)
    [Anonymous Symbol]                       0x08001968   Section        0  main.o(.text.playTune2)
    __arm_cp.27_0                            0x08001988   Number         4  main.o(.text.playTune2)
    __arm_cp.27_1                            0x0800198c   Number         4  main.o(.text.playTune2)
    [Anonymous Symbol]                       0x08001990   Section        0  main.o(.text.playTune3)
    __arm_cp.31_1                            0x080019b8   Number         4  main.o(.text.playTune3)
    __arm_cp.31_2                            0x080019bc   Number         4  main.o(.text.playTune3)
    [Anonymous Symbol]                       0x080019c0   Section        0  main.o(.text.playTune4)
    __arm_cp.33_0                            0x080019e8   Number         4  main.o(.text.playTune4)
    __arm_cp.33_1                            0x080019ec   Number         4  main.o(.text.playTune4)
    __arm_cp.33_2                            0x080019f0   Number         4  main.o(.text.playTune4)
    [Anonymous Symbol]                       0x080019f4   Section        0  display.o(.text.printNumber)
    [Anonymous Symbol]                       0x08001a44   Section        0  display.o(.text.printText)
    __arm_cp.21_0                            0x08001ad8   Number         4  display.o(.text.printText)
    [Anonymous Symbol]                       0x08001adc   Section        0  display.o(.text.putImage)
    [Anonymous Symbol]                       0x08001c04   Section        0  main.o(.text.random)
    [Anonymous Symbol]                       0x08001c28   Section        0  main.o(.text.randomize)
    __arm_cp.14_0                            0x08001c40   Number         4  main.o(.text.randomize)
    __arm_cp.14_1                            0x08001c44   Number         4  main.o(.text.randomize)
    [Anonymous Symbol]                       0x08001c48   Section        0  main.o(.text.showBall)
    __arm_cp.18_0                            0x08001c70   Number         4  main.o(.text.showBall)
    __arm_cp.18_1                            0x08001c74   Number         4  main.o(.text.showBall)
    [Anonymous Symbol]                       0x08001c78   Section        0  main.o(.text.showBat)
    __arm_cp.19_0                            0x08001ca0   Number         4  main.o(.text.showBat)
    __arm_cp.19_1                            0x08001ca4   Number         4  main.o(.text.showBat)
    [Anonymous Symbol]                       0x08001ca8   Section        0  main.o(.text.showBlock)
    __arm_cp.17_0                            0x08001ccc   Number         4  main.o(.text.showBlock)
    transferSPI16                            0x08001cd1   Thumb Code    36  display.o(.text.transferSPI16)
    [Anonymous Symbol]                       0x08001cd0   Section        0  display.o(.text.transferSPI16)
    transferSPI8                             0x08001cf5   Thumb Code    44  display.o(.text.transferSPI8)
    [Anonymous Symbol]                       0x08001cf4   Section        0  display.o(.text.transferSPI8)
    __arm_cp.29_0                            0x08001d18   Number         4  display.o(.text.transferSPI8)
    __arm_cp.29_1                            0x08001d1c   Number         4  display.o(.text.transferSPI8)
    .text_divfast                            0x08001d20   Section      502  aeabi_sdivfast.o(.text_divfast)
    .L.str.94                                0x080020f6   Data          65  main.o(.rodata.str1.1)
    [Anonymous Symbol]                       0x080020f6   Section        0  main.o(.rodata.str1.1)
    .L.str.82                                0x08002137   Data          34  main.o(.rodata.str1.1)
    .L.str.88                                0x08002159   Data          35  main.o(.rodata.str1.1)
    .L.str.89                                0x0800217c   Data          35  main.o(.rodata.str1.1)
    .L.str.83                                0x0800219f   Data          34  main.o(.rodata.str1.1)
    .L.str.81                                0x080021c1   Data          27  main.o(.rodata.str1.1)
    .L.str.87                                0x080021dc   Data          35  main.o(.rodata.str1.1)
    .L.str.84                                0x080021ff   Data          34  main.o(.rodata.str1.1)
    .L.str.86                                0x08002221   Data          35  main.o(.rodata.str1.1)
    .L.str.85                                0x08002244   Data          34  main.o(.rodata.str1.1)
    .L.str.99                                0x08002266   Data          64  main.o(.rodata.str1.1)
    .L.str.98                                0x080022a6   Data          65  main.o(.rodata.str1.1)
    .L.str.62                                0x080022e7   Data          71  main.o(.rodata.str1.1)
    .L.str.60                                0x0800232e   Data          71  main.o(.rodata.str1.1)
    .L.str.63                                0x08002375   Data          71  main.o(.rodata.str1.1)
    .L.str.58                                0x080023bc   Data          71  main.o(.rodata.str1.1)
    .L.str.54                                0x08002403   Data          60  main.o(.rodata.str1.1)
    .L.str.64                                0x0800243f   Data          71  main.o(.rodata.str1.1)
    .L.str.59                                0x08002486   Data          71  main.o(.rodata.str1.1)
    .L.str.95                                0x080024cd   Data          65  main.o(.rodata.str1.1)
    .L.str.61                                0x0800250e   Data          71  main.o(.rodata.str1.1)
    .L.str.107                               0x08002555   Data          28  main.o(.rodata.str1.1)
    .L.str.97                                0x08002571   Data          65  main.o(.rodata.str1.1)
    .L.str.104                               0x080025b2   Data          27  main.o(.rodata.str1.1)
    .L.str.4                                 0x080025cd   Data          47  main.o(.rodata.str1.1)
    .L.str.5                                 0x080025fc   Data          48  main.o(.rodata.str1.1)
    .L.str.3                                 0x0800262c   Data          46  main.o(.rodata.str1.1)
    .L.str.2                                 0x0800265a   Data          45  main.o(.rodata.str1.1)
    .L.str.96                                0x08002687   Data          65  main.o(.rodata.str1.1)
    .L.str.56                                0x080026c8   Data          60  main.o(.rodata.str1.1)
    .L.str.55                                0x08002704   Data          59  main.o(.rodata.str1.1)
    .L.str.6                                 0x0800273f   Data          49  main.o(.rodata.str1.1)
    .L.str.1                                 0x08002770   Data          44  main.o(.rodata.str1.1)
    .L.str.7                                 0x0800279c   Data          49  main.o(.rodata.str1.1)
    .L.str.35                                0x080027cd   Data          32  main.o(.rodata.str1.1)
    .L.str.57                                0x080027ed   Data          60  main.o(.rodata.str1.1)
    .L.str.9                                 0x08002829   Data          58  main.o(.rodata.str1.1)
    .L.str.52                                0x08002863   Data          41  main.o(.rodata.str1.1)
    .L.str.110                               0x0800288c   Data          29  main.o(.rodata.str1.1)
    .L.str.111                               0x080028a9   Data          28  main.o(.rodata.str1.1)
    .L.str.112                               0x080028c5   Data          26  main.o(.rodata.str1.1)
    .L.str.109                               0x080028df   Data          30  main.o(.rodata.str1.1)
    .L.str.34                                0x080028fd   Data          33  main.o(.rodata.str1.1)
    .L.str.106                               0x0800291e   Data          25  main.o(.rodata.str1.1)
    .L.str.80                                0x08002937   Data          33  main.o(.rodata.str1.1)
    .L.str                                   0x08002958   Data          63  main.o(.rodata.str1.1)
    .L.str.38                                0x08002997   Data          38  main.o(.rodata.str1.1)
    .L.str.73                                0x080029bd   Data          34  main.o(.rodata.str1.1)
    .L.str.108                               0x080029df   Data          28  main.o(.rodata.str1.1)
    .L.str.72                                0x080029fb   Data          33  main.o(.rodata.str1.1)
    .L.str.10                                0x08002a1c   Data          32  main.o(.rodata.str1.1)
    .L.str.37                                0x08002a3c   Data          37  main.o(.rodata.str1.1)
    .L.str.51                                0x08002a61   Data          41  main.o(.rodata.str1.1)
    .L.str.36                                0x08002a8a   Data          30  main.o(.rodata.str1.1)
    .L.str.41                                0x08002aa8   Data          38  main.o(.rodata.str1.1)
    .L.str.39                                0x08002ace   Data          38  main.o(.rodata.str1.1)
    .L.str.11                                0x08002af4   Data          33  main.o(.rodata.str1.1)
    .L.str.75                                0x08002b15   Data          34  main.o(.rodata.str1.1)
    .L.str.50                                0x08002b37   Data          38  main.o(.rodata.str1.1)
    .L.str.25                                0x08002b5d   Data          33  main.o(.rodata.str1.1)
    .L.str.30                                0x08002b7e   Data          33  main.o(.rodata.str1.1)
    .L.str.40                                0x08002b9f   Data          38  main.o(.rodata.str1.1)
    .L.str.24                                0x08002bc5   Data          33  main.o(.rodata.str1.1)
    .L.str.45                                0x08002be6   Data          38  main.o(.rodata.str1.1)
    .L.str.31                                0x08002c0c   Data          33  main.o(.rodata.str1.1)
    .L.str.79                                0x08002c2d   Data          34  main.o(.rodata.str1.1)
    .L.str.42                                0x08002c4f   Data          38  main.o(.rodata.str1.1)
    .L.str.105                               0x08002c75   Data          26  main.o(.rodata.str1.1)
    .L.str.29                                0x08002c8f   Data          33  main.o(.rodata.str1.1)
    .L.str.43                                0x08002cb0   Data          38  main.o(.rodata.str1.1)
    .L.str.47                                0x08002cd6   Data          38  main.o(.rodata.str1.1)
    .L.str.48                                0x08002cfc   Data          38  main.o(.rodata.str1.1)
    .L.str.74                                0x08002d22   Data          34  main.o(.rodata.str1.1)
    .L.str.28                                0x08002d44   Data          33  main.o(.rodata.str1.1)
    .L.str.76                                0x08002d65   Data          34  main.o(.rodata.str1.1)
    .L.str.26                                0x08002d87   Data          33  main.o(.rodata.str1.1)
    .L.str.46                                0x08002da8   Data          38  main.o(.rodata.str1.1)
    .L.str.44                                0x08002dce   Data          38  main.o(.rodata.str1.1)
    .L.str.49                                0x08002df4   Data          38  main.o(.rodata.str1.1)
    .L.str.78                                0x08002e1a   Data          34  main.o(.rodata.str1.1)
    .L.str.27                                0x08002e3c   Data          33  main.o(.rodata.str1.1)
    .L.str.32                                0x08002e5d   Data          33  main.o(.rodata.str1.1)
    .L.str.12                                0x08002e7e   Data          33  main.o(.rodata.str1.1)
    .L.str.33                                0x08002e9f   Data          33  main.o(.rodata.str1.1)
    .L.str.77                                0x08002ec0   Data          34  main.o(.rodata.str1.1)
    .L.str.22                                0x08002ee2   Data          33  main.o(.rodata.str1.1)
    .L.str.13                                0x08002f03   Data          33  main.o(.rodata.str1.1)
    .L.str.18                                0x08002f24   Data          33  main.o(.rodata.str1.1)
    .L.str.20                                0x08002f45   Data          33  main.o(.rodata.str1.1)
    .L.str.21                                0x08002f66   Data          33  main.o(.rodata.str1.1)
    .L.str.19                                0x08002f87   Data          33  main.o(.rodata.str1.1)
    .L.str.14                                0x08002fa8   Data          33  main.o(.rodata.str1.1)
    .L.str.16                                0x08002fc9   Data          33  main.o(.rodata.str1.1)
    .L.str.15                                0x08002fea   Data          33  main.o(.rodata.str1.1)
    .L.str.17                                0x0800300b   Data          33  main.o(.rodata.str1.1)
    .L.str.23                                0x0800302c   Data          33  main.o(.rodata.str1.1)
    .L.str.113                               0x0800304d   Data          27  main.o(.rodata.str1.1)
    .L.str.8                                 0x08003064   Data           4  main.o(.rodata.str1.1)
    .L.str.102                               0x08003068   Data          19  main.o(.rodata.str1.1)
    .L.str.93                                0x0800307b   Data          21  main.o(.rodata.str1.1)
    .L.str.90                                0x08003090   Data          26  main.o(.rodata.str1.1)
    .L.str.91                                0x080030aa   Data          26  main.o(.rodata.str1.1)
    .L.str.92                                0x080030c4   Data          19  main.o(.rodata.str1.1)
    .L.str.100                               0x080030d7   Data          13  main.o(.rodata.str1.1)
    .L.str.103                               0x080030e4   Data          21  main.o(.rodata.str1.1)
    .L.str.71                                0x080030f9   Data           6  main.o(.rodata.str1.1)
    .L.str.101                               0x080030ff   Data          14  main.o(.rodata.str1.1)
    .bss                                     0x20000260   Section       96  libspace.o(.bss)
    prbs_shift_register                      0x200002d4   Data           4  main.o(.bss.prbs_shift_register)
    [Anonymous Symbol]                       0x200002d4   Section        0  main.o(.bss.prbs_shift_register)
    Heap_Mem                                 0x200002e0   Data         512  startup_stm32f031x6.o(HEAP)
    HEAP                                     0x200002e0   Section      512  startup_stm32f031x6.o(HEAP)
    Stack_Mem                                0x200004e0   Data        1024  startup_stm32f031x6.o(STACK)
    STACK                                    0x200004e0   Section     1024  startup_stm32f031x6.o(STACK)
    __initial_sp                             0x200008e0   Data           0  startup_stm32f031x6.o(STACK)

    Global Symbols

    Symbol Name                              Value     Ov Type        Size  Object(Section)

    BuildAttributes$$THM_ISAv3M$S$PE$A:L22$X:L11$S22$IEEE1$IW$~IW$USESV6$~STKCKD$USESV7$~SHL$OTIME$ROPI$EBA8$UX$STANDARDLIB$REQ8$PRES8$EABIv2 0x00000000   Number         0  anon$$obj.o ABSOLUTE
    __ARM_exceptions_init                     - Undefined Weak Reference
    __alloca_initialize                       - Undefined Weak Reference
    __arm_preinit_                            - Undefined Weak Reference
    __cpp_initialize__aeabi_                  - Undefined Weak Reference
    __cxa_finalize                            - Undefined Weak Reference
    __rt_locale                               - Undefined Weak Reference
    __sigvec_lookup                           - Undefined Weak Reference
    _atexit_init                              - Undefined Weak Reference
    _call_atexit_fns                          - Undefined Weak Reference
    _clock_init                               - Undefined Weak Reference
    _fp_trap_init                             - Undefined Weak Reference
    _fp_trap_shutdown                         - Undefined Weak Reference
    _get_lc_collate                           - Undefined Weak Reference
    _get_lc_ctype                             - Undefined Weak Reference
    _get_lc_monetary                          - Undefined Weak Reference
    _get_lc_numeric                           - Undefined Weak Reference
    _get_lc_time                              - Undefined Weak Reference
    _getenv_init                              - Undefined Weak Reference
    _handle_redirection                       - Undefined Weak Reference
    _init_alloc                               - Undefined Weak Reference
    _init_user_alloc                          - Undefined Weak Reference
    _initio                                   - Undefined Weak Reference
    _rand_init                                - Undefined Weak Reference
    _signal_finish                            - Undefined Weak Reference
    _signal_init                              - Undefined Weak Reference
    _terminate_alloc                          - Undefined Weak Reference
    _terminate_user_alloc                     - Undefined Weak Reference
    _terminateio                              - Undefined Weak Reference
    __Vectors_Size                           0x000000b0   Number         0  startup_stm32f031x6.o ABSOLUTE
    __Vectors                                0x08000000   Data           4  startup_stm32f031x6.o(RESET)
    __Vectors_End                            0x080000b0   Data           0  startup_stm32f031x6.o(RESET)
    __main                                   0x080000b1   Thumb Code     8  __main.o(!!!main)
    __scatterload                            0x080000b9   Thumb Code     0  __scatter.o(!!!scatter)
    __scatterload_rt2                        0x080000b9   Thumb Code    52  __scatter.o(!!!scatter)
    __scatterload_rt2_thumb_only             0x080000b9   Thumb Code     0  __scatter.o(!!!scatter)
    __scatterload_null                       0x080000c9   Thumb Code     0  __scatter.o(!!!scatter)
    __scatterload_zeroinit                   0x080000f5   Thumb Code    28  __scatter_zi.o(!!handler_zi)
    __rt_lib_init                            0x08000111   Thumb Code     0  libinit.o(.ARM.Collect$$libinit$$00000000)
    __rt_lib_init_alloca_1                   0x08000113   Thumb Code     0  libinit2.o(.ARM.Collect$$libinit$$0000002E)
    __rt_lib_init_argv_1                     0x08000113   Thumb Code     0  libinit2.o(.ARM.Collect$$libinit$$0000002C)
    __rt_lib_init_atexit_1                   0x08000113   Thumb Code     0  libinit2.o(.ARM.Collect$$libinit$$0000001B)
    __rt_lib_init_clock_1                    0x08000113   Thumb Code     0  libinit2.o(.ARM.Collect$$libinit$$00000021)
    __rt_lib_init_cpp_1                      0x08000113   Thumb Code     0  libinit2.o(.ARM.Collect$$libinit$$00000032)
    __rt_lib_init_exceptions_1               0x08000113   Thumb Code     0  libinit2.o(.ARM.Collect$$libinit$$00000030)
    __rt_lib_init_fp_1                       0x08000113   Thumb Code     0  libinit2.o(.ARM.Collect$$libinit$$00000002)
    __rt_lib_init_fp_trap_1                  0x08000113   Thumb Code     0  libinit2.o(.ARM.Collect$$libinit$$0000001F)
    __rt_lib_init_getenv_1                   0x08000113   Thumb Code     0  libinit2.o(.ARM.Collect$$libinit$$00000023)
    __rt_lib_init_heap_1                     0x08000113   Thumb Code     0  libinit2.o(.ARM.Collect$$libinit$$0000000A)
    __rt_lib_init_lc_collate_1               0x08000113   Thumb Code     0  libinit2.o(.ARM.Collect$$libinit$$00000011)
    __rt_lib_init_lc_ctype_1                 0x08000113   Thumb Code     0  libinit2.o(.ARM.Collect$$libinit$$00000013)
    __rt_lib_init_lc_monetary_1              0x08000113   Thumb Code     0  libinit2.o(.ARM.Collect$$libinit$$00000015)
    __rt_lib_init_lc_numeric_1               0x08000113   Thumb Code     0  libinit2.o(.ARM.Collect$$libinit$$00000017)
    __rt_lib_init_lc_time_1                  0x08000113   Thumb Code     0  libinit2.o(.ARM.Collect$$libinit$$00000019)
    __rt_lib_init_preinit_1                  0x08000113   Thumb Code     0  libinit2.o(.ARM.Collect$$libinit$$00000004)
    __rt_lib_init_rand_1                     0x08000113   Thumb Code     0  libinit2.o(.ARM.Collect$$libinit$$0000000E)
    __rt_lib_init_return                     0x08000113   Thumb Code     0  libinit2.o(.ARM.Collect$$libinit$$00000033)
    __rt_lib_init_signal_1                   0x08000113   Thumb Code     0  libinit2.o(.ARM.Collect$$libinit$$0000001D)
    __rt_lib_init_stdio_1                    0x08000113   Thumb Code     0  libinit2.o(.ARM.Collect$$libinit$$00000025)
    __rt_lib_init_user_alloc_1               0x08000113   Thumb Code     0  libinit2.o(.ARM.Collect$$libinit$$0000000C)
    __rt_lib_shutdown                        0x08000115   Thumb Code     0  libshutdown.o(.ARM.Collect$$libshutdown$$00000000)
    __rt_lib_shutdown_cpp_1                  0x08000117   Thumb Code     0  libshutdown2.o(.ARM.Collect$$libshutdown$$00000002)
    __rt_lib_shutdown_fp_trap_1              0x08000117   Thumb Code     0  libshutdown2.o(.ARM.Collect$$libshutdown$$00000007)
    __rt_lib_shutdown_heap_1                 0x08000117   Thumb Code     0  libshutdown2.o(.ARM.Collect$$libshutdown$$0000000F)
    __rt_lib_shutdown_return                 0x08000117   Thumb Code     0  libshutdown2.o(.ARM.Collect$$libshutdown$$00000010)
    __rt_lib_shutdown_signal_1               0x08000117   Thumb Code     0  libshutdown2.o(.ARM.Collect$$libshutdown$$0000000A)
    __rt_lib_shutdown_stdio_1                0x08000117   Thumb Code     0  libshutdown2.o(.ARM.Collect$$libshutdown$$00000004)
    __rt_lib_shutdown_user_alloc_1           0x08000117   Thumb Code     0  libshutdown2.o(.ARM.Collect$$libshutdown$$0000000C)
    __rt_entry                               0x08000119   Thumb Code     0  __rtentry.o(.ARM.Collect$$rtentry$$00000000)
    __rt_entry_presh_1                       0x08000119   Thumb Code     0  __rtentry2.o(.ARM.Collect$$rtentry$$00000002)
    __rt_entry_sh                            0x08000119   Thumb Code     0  __rtentry4.o(.ARM.Collect$$rtentry$$00000004)
    __rt_entry_li                            0x0800011f   Thumb Code     0  __rtentry2.o(.ARM.Collect$$rtentry$$0000000A)
    __rt_entry_postsh_1                      0x0800011f   Thumb Code     0  __rtentry2.o(.ARM.Collect$$rtentry$$00000009)
    __rt_entry_main                          0x08000123   Thumb Code     0  __rtentry2.o(.ARM.Collect$$rtentry$$0000000D)
    __rt_entry_postli_1                      0x08000123   Thumb Code     0  __rtentry2.o(.ARM.Collect$$rtentry$$0000000C)
    __rt_exit                                0x0800012b   Thumb Code     0  rtexit.o(.ARM.Collect$$rtexit$$00000000)
    __rt_exit_ls                             0x0800012d   Thumb Code     0  rtexit2.o(.ARM.Collect$$rtexit$$00000003)
    __rt_exit_prels_1                        0x0800012d   Thumb Code     0  rtexit2.o(.ARM.Collect$$rtexit$$00000002)
    __rt_exit_exit                           0x08000131   Thumb Code     0  rtexit2.o(.ARM.Collect$$rtexit$$00000004)
    Reset_Handler                            0x08000139   Thumb Code     8  startup_stm32f031x6.o(.text)
    NMI_Handler                              0x08000141   Thumb Code     2  startup_stm32f031x6.o(.text)
    HardFault_Handler                        0x08000143   Thumb Code     2  startup_stm32f031x6.o(.text)
    SVC_Handler                              0x08000145   Thumb Code     2  startup_stm32f031x6.o(.text)
    PendSV_Handler                           0x08000147   Thumb Code     2  startup_stm32f031x6.o(.text)
    ADC1_IRQHandler                          0x0800014b   Thumb Code     0  startup_stm32f031x6.o(.text)
    DMA1_Channel1_IRQHandler                 0x0800014b   Thumb Code     0  startup_stm32f031x6.o(.text)
    DMA1_Channel2_3_IRQHandler               0x0800014b   Thumb Code     0  startup_stm32f031x6.o(.text)
    DMA1_Channel4_5_IRQHandler               0x0800014b   Thumb Code     0  startup_stm32f031x6.o(.text)
    EXTI0_1_IRQHandler                       0x0800014b   Thumb Code     0  startup_stm32f031x6.o(.text)
    EXTI2_3_IRQHandler                       0x0800014b   Thumb Code     0  startup_stm32f031x6.o(.text)
    EXTI4_15_IRQHandler                      0x0800014b   Thumb Code     0  startup_stm32f031x6.o(.text)
    FLASH_IRQHandler                         0x0800014b   Thumb Code     0  startup_stm32f031x6.o(.text)
    I2C1_IRQHandler                          0x0800014b   Thumb Code     0  startup_stm32f031x6.o(.text)
    PVD_IRQHandler                           0x0800014b   Thumb Code     0  startup_stm32f031x6.o(.text)
    RCC_IRQHandler                           0x0800014b   Thumb Code     0  startup_stm32f031x6.o(.text)
    RTC_IRQHandler                           0x0800014b   Thumb Code     0  startup_stm32f031x6.o(.text)
    SPI1_IRQHandler                          0x0800014b   Thumb Code     0  startup_stm32f031x6.o(.text)
    TIM14_IRQHandler                         0x0800014b   Thumb Code     0  startup_stm32f031x6.o(.text)
    TIM16_IRQHandler                         0x0800014b   Thumb Code     0  startup_stm32f031x6.o(.text)
    TIM17_IRQHandler                         0x0800014b   Thumb Code     0  startup_stm32f031x6.o(.text)
    TIM1_BRK_UP_TRG_COM_IRQHandler           0x0800014b   Thumb Code     0  startup_stm32f031x6.o(.text)
    TIM1_CC_IRQHandler                       0x0800014b   Thumb Code     0  startup_stm32f031x6.o(.text)
    TIM2_IRQHandler                          0x0800014b   Thumb Code     0  startup_stm32f031x6.o(.text)
    TIM3_IRQHandler                          0x0800014b   Thumb Code     0  startup_stm32f031x6.o(.text)
    USART1_IRQHandler                        0x0800014b   Thumb Code     0  startup_stm32f031x6.o(.text)
    WWDG_IRQHandler                          0x0800014b   Thumb Code     0  startup_stm32f031x6.o(.text)
    __user_initial_stackheap                 0x0800014d   Thumb Code     0  startup_stm32f031x6.o(.text)
    __aeabi_uidivmod                         0x08000171   Thumb Code    28  aeabi_sdivfast.o(.text)
    __aeabi_idivmod                          0x0800018d   Thumb Code   472  aeabi_sdivfast.o(.text)
    __use_two_region_memory                  0x08000369   Thumb Code     2  heapauxi.o(.text)
    __rt_heap_escrow$2region                 0x0800036b   Thumb Code     2  heapauxi.o(.text)
    __rt_heap_expand$2region                 0x0800036d   Thumb Code     2  heapauxi.o(.text)
    __user_setup_stackheap                   0x0800036f   Thumb Code    62  sys_stackheap_outer.o(.text)
    exit                                     0x080003ad   Thumb Code    16  exit.o(.text)
    __user_libspace                          0x080003bd   Thumb Code     8  libspace.o(.text)
    __user_perproc_libspace                  0x080003bd   Thumb Code     0  libspace.o(.text)
    __user_perthread_libspace                0x080003bd   Thumb Code     0  libspace.o(.text)
    _sys_exit                                0x080003c5   Thumb Code     8  sys_exit.o(.text)
    __I$use$semihosting                      0x080003d1   Thumb Code     0  use_no_semi.o(.text)
    __use_no_semihosting_swi                 0x080003d1   Thumb Code     2  use_no_semi.o(.text)
    __decompress                             0x080003d3   Thumb Code     0  __dczerorl2.o(.text)
    __decompress1                            0x080003d3   Thumb Code    86  __dczerorl2.o(.text)
    __semihosting_library_function           0x080003d3   Thumb Code     0  indicate_semi.o(.text)
    DownPressed                              0x08000459   Thumb Code    44  main.o(.text.DownPressed)
    LeftPressed                              0x08000485   Thumb Code    44  main.o(.text.LeftPressed)
    RGBToWord                                0x080004b1   Thumb Code    22  display.o(.text.RGBToWord)
    RightPressed                             0x080004e5   Thumb Code    48  main.o(.text.RightPressed)
    SerialBegin                              0x08000515   Thumb Code   160  main.o(.text.SerialBegin)
    SysTick_Handler                          0x080005b5   Thumb Code    44  main.o(.text.SysTick_Handler)
    SystemInit                               0x080005e1   Thumb Code     2  system_stm32f0xx.o(.text.SystemInit)
    UpPressed                                0x080005e5   Thumb Code    48  main.o(.text.UpPressed)
    blockTouching                            0x08000615   Thumb Code   120  main.o(.text.blockTouching)
    delay                                    0x080006ad   Thumb Code    36  main.o(.text.delay)
    display_begin                            0x080006d1   Thumb Code   532  display.o(.text.display_begin)
    egetchar                                 0x080008e5   Thumb Code    16  main.o(.text.egetchar)
    enablePullUp                             0x080008f5   Thumb Code    24  main.o(.text.enablePullUp)
    eputchar                                 0x0800090d   Thumb Code    20  main.o(.text.eputchar)
    eputs                                    0x08000921   Thumb Code    28  main.o(.text.eputs)
    fillRectangle                            0x0800093d   Thumb Code    46  display.o(.text.fillRectangle)
    hideBall                                 0x0800096d   Thumb Code    32  main.o(.text.hideBall)
    hideBat                                  0x0800098d   Thumb Code    28  main.o(.text.hideBat)
    hideBlock                                0x080009a9   Thumb Code    36  main.o(.text.hideBlock)
    initClock                                0x080009cd   Thumb Code   100  main.o(.text.initClock)
    initSysTick                              0x08000a89   Thumb Code    28  main.o(.text.initSysTick)
    initTimer                                0x08000aa5   Thumb Code   112  main.o(.text.initTimer)
    keyPressed                               0x08000b15   Thumb Code    16  main.o(.text.keyPressed)
    levelOff                                 0x08000b25   Thumb Code    12  main.o(.text.levelOff)
    levelOn                                  0x08000b31   Thumb Code    12  main.o(.text.levelOn)
    main                                     0x08000b3d   Thumb Code   200  main.o(.text.main)
    moveBall                                 0x08000c05   Thumb Code    32  main.o(.text.moveBall)
    moveBat                                  0x08000c25   Thumb Code    32  main.o(.text.moveBat)
    openAperture                             0x08000c5d   Thumb Code    82  display.o(.text.openAperture)
    overOff                                  0x08000cb1   Thumb Code    12  main.o(.text.overOff)
    overOn                                   0x08000cbd   Thumb Code    16  main.o(.text.overOn)
    pauseOff                                 0x08000ccd   Thumb Code    12  main.o(.text.pauseOff)
    pauseOn                                  0x08000cd9   Thumb Code    16  main.o(.text.pauseOn)
    pinMode                                  0x08000ce9   Thumb Code    18  main.o(.text.pinMode)
    playBrici                                0x08000cfd   Thumb Code  3052  main.o(.text.playBrici)
    playNote                                 0x080018e9   Thumb Code    84  main.o(.text.playNote)
    playTune                                 0x0800193d   Thumb Code    44  main.o(.text.playTune)
    playTune2                                0x08001969   Thumb Code    40  main.o(.text.playTune2)
    playTune3                                0x08001991   Thumb Code    48  main.o(.text.playTune3)
    playTune4                                0x080019c1   Thumb Code    52  main.o(.text.playTune4)
    printNumber                              0x080019f5   Thumb Code    80  display.o(.text.printNumber)
    printText                                0x08001a45   Thumb Code   152  display.o(.text.printText)
    putImage                                 0x08001add   Thumb Code   296  display.o(.text.putImage)
    random                                   0x08001c05   Thumb Code    36  main.o(.text.random)
    randomize                                0x08001c29   Thumb Code    32  main.o(.text.randomize)
    showBall                                 0x08001c49   Thumb Code    48  main.o(.text.showBall)
    showBat                                  0x08001c79   Thumb Code    48  main.o(.text.showBat)
    showBlock                                0x08001ca9   Thumb Code    40  main.o(.text.showBlock)
    __aeabi_uidiv                            0x08001d21   Thumb Code    68  aeabi_sdivfast.o(.text_divfast)
    __aeabi_idiv                             0x08001d65   Thumb Code   434  aeabi_sdivfast.o(.text_divfast)
    Font5x7                                  0x08001f16   Data         480  display.o(.rodata.Font5x7)
    Region$$Table$$Base                      0x08003110   Number         0  anon$$obj.o(Region$$Table)
    Region$$Table$$Limit                     0x08003130   Number         0  anon$$obj.o(Region$$Table)
    Blocks                                   0x20000000   Data         288  main.o(.data.Blocks)
    Paused                                   0x20000120   Data           4  main.o(.data.Paused)
    levelUpTime                              0x20000124   Data          24  main.o(.data.levelUpTime)
    levelUpTune                              0x2000013c   Data          24  main.o(.data.levelUpTune)
    looseLevelTime                           0x20000154   Data          52  main.o(.data.looseLevelTime)
    looseLevelTune                           0x20000188   Data          52  main.o(.data.looseLevelTune)
    myTime                                   0x200001bc   Data          36  main.o(.data.myTime)
    myTune                                   0x200001e0   Data          36  main.o(.data.myTune)
    victoryTime                              0x20000204   Data          44  main.o(.data.victoryTime)
    victoryTune                              0x20000230   Data          44  main.o(.data.victoryTune)
    __libspace_start                         0x20000260   Data          96  libspace.o(.bss)
    __temporary_stack_top$libspace           0x200002c0   Data           0  libspace.o(.bss)
    ball_x                                   0x200002c0   Data           4  main.o(.bss.ball_x)
    ball_y                                   0x200002c4   Data           4  main.o(.bss.ball_y)
    bat_x                                    0x200002c8   Data           4  main.o(.bss.bat_x)
    bat_y                                    0x200002cc   Data           4  main.o(.bss.bat_y)
    milliseconds                             0x200002d0   Data           4  main.o(.bss.milliseconds)
    sound_duration                           0x200002d8   Data           4  main.o(.bss.sound_duration)



==============================================================================

Memory Map of the image

  Image Entry point : 0x08000139

  Load Region LR_1 (Base: 0x08000000, Size: 0x0000338c, Max: 0xffffffff, ABSOLUTE, COMPRESSED[0x0000320c])

    Execution Region ER_RO (Exec base: 0x08000000, Load base: 0x08000000, Size: 0x00003130, Max: 0xffffffff, ABSOLUTE)

    Exec Addr    Load Addr    Size         Type   Attr      Idx    E Section Name        Object

    0x08000000   0x08000000   0x000000b0   Data   RO          182    RESET               startup_stm32f031x6.o
    0x080000b0   0x080000b0   0x00000008   Code   RO          216  * !!!main             c_p.l(__main.o)
    0x080000b8   0x080000b8   0x0000003c   Code   RO          393    !!!scatter          c_p.l(__scatter.o)
    0x080000f4   0x080000f4   0x0000001c   Code   RO          395    !!handler_zi        c_p.l(__scatter_zi.o)
    0x08000110   0x08000110   0x00000002   Code   RO          254    .ARM.Collect$$libinit$$00000000  c_p.l(libinit.o)
    0x08000112   0x08000112   0x00000000   Code   RO          268    .ARM.Collect$$libinit$$00000002  c_p.l(libinit2.o)
    0x08000112   0x08000112   0x00000000   Code   RO          270    .ARM.Collect$$libinit$$00000004  c_p.l(libinit2.o)
    0x08000112   0x08000112   0x00000000   Code   RO          273    .ARM.Collect$$libinit$$0000000A  c_p.l(libinit2.o)
    0x08000112   0x08000112   0x00000000   Code   RO          275    .ARM.Collect$$libinit$$0000000C  c_p.l(libinit2.o)
    0x08000112   0x08000112   0x00000000   Code   RO          277    .ARM.Collect$$libinit$$0000000E  c_p.l(libinit2.o)
    0x08000112   0x08000112   0x00000000   Code   RO          280    .ARM.Collect$$libinit$$00000011  c_p.l(libinit2.o)
    0x08000112   0x08000112   0x00000000   Code   RO          282    .ARM.Collect$$libinit$$00000013  c_p.l(libinit2.o)
    0x08000112   0x08000112   0x00000000   Code   RO          284    .ARM.Collect$$libinit$$00000015  c_p.l(libinit2.o)
    0x08000112   0x08000112   0x00000000   Code   RO          286    .ARM.Collect$$libinit$$00000017  c_p.l(libinit2.o)
    0x08000112   0x08000112   0x00000000   Code   RO          288    .ARM.Collect$$libinit$$00000019  c_p.l(libinit2.o)
    0x08000112   0x08000112   0x00000000   Code   RO          290    .ARM.Collect$$libinit$$0000001B  c_p.l(libinit2.o)
    0x08000112   0x08000112   0x00000000   Code   RO          292    .ARM.Collect$$libinit$$0000001D  c_p.l(libinit2.o)
    0x08000112   0x08000112   0x00000000   Code   RO          294    .ARM.Collect$$libinit$$0000001F  c_p.l(libinit2.o)
    0x08000112   0x08000112   0x00000000   Code   RO          296    .ARM.Collect$$libinit$$00000021  c_p.l(libinit2.o)
    0x08000112   0x08000112   0x00000000   Code   RO          298    .ARM.Collect$$libinit$$00000023  c_p.l(libinit2.o)
    0x08000112   0x08000112   0x00000000   Code   RO          300    .ARM.Collect$$libinit$$00000025  c_p.l(libinit2.o)
    0x08000112   0x08000112   0x00000000   Code   RO          304    .ARM.Collect$$libinit$$0000002C  c_p.l(libinit2.o)
    0x08000112   0x08000112   0x00000000   Code   RO          306    .ARM.Collect$$libinit$$0000002E  c_p.l(libinit2.o)
    0x08000112   0x08000112   0x00000000   Code   RO          308    .ARM.Collect$$libinit$$00000030  c_p.l(libinit2.o)
    0x08000112   0x08000112   0x00000000   Code   RO          310    .ARM.Collect$$libinit$$00000032  c_p.l(libinit2.o)
    0x08000112   0x08000112   0x00000002   Code   RO          311    .ARM.Collect$$libinit$$00000033  c_p.l(libinit2.o)
    0x08000114   0x08000114   0x00000002   Code   RO          346    .ARM.Collect$$libshutdown$$00000000  c_p.l(libshutdown.o)
    0x08000116   0x08000116   0x00000000   Code   RO          374    .ARM.Collect$$libshutdown$$00000002  c_p.l(libshutdown2.o)
    0x08000116   0x08000116   0x00000000   Code   RO          376    .ARM.Collect$$libshutdown$$00000004  c_p.l(libshutdown2.o)
    0x08000116   0x08000116   0x00000000   Code   RO          379    .ARM.Collect$$libshutdown$$00000007  c_p.l(libshutdown2.o)
    0x08000116   0x08000116   0x00000000   Code   RO          382    .ARM.Collect$$libshutdown$$0000000A  c_p.l(libshutdown2.o)
    0x08000116   0x08000116   0x00000000   Code   RO          384    .ARM.Collect$$libshutdown$$0000000C  c_p.l(libshutdown2.o)
    0x08000116   0x08000116   0x00000000   Code   RO          387    .ARM.Collect$$libshutdown$$0000000F  c_p.l(libshutdown2.o)
    0x08000116   0x08000116   0x00000002   Code   RO          388    .ARM.Collect$$libshutdown$$00000010  c_p.l(libshutdown2.o)
    0x08000118   0x08000118   0x00000000   Code   RO          218    .ARM.Collect$$rtentry$$00000000  c_p.l(__rtentry.o)
    0x08000118   0x08000118   0x00000000   Code   RO          224    .ARM.Collect$$rtentry$$00000002  c_p.l(__rtentry2.o)
    0x08000118   0x08000118   0x00000006   Code   RO          236    .ARM.Collect$$rtentry$$00000004  c_p.l(__rtentry4.o)
    0x0800011e   0x0800011e   0x00000000   Code   RO          226    .ARM.Collect$$rtentry$$00000009  c_p.l(__rtentry2.o)
    0x0800011e   0x0800011e   0x00000004   Code   RO          227    .ARM.Collect$$rtentry$$0000000A  c_p.l(__rtentry2.o)
    0x08000122   0x08000122   0x00000000   Code   RO          229    .ARM.Collect$$rtentry$$0000000C  c_p.l(__rtentry2.o)
    0x08000122   0x08000122   0x00000008   Code   RO          230    .ARM.Collect$$rtentry$$0000000D  c_p.l(__rtentry2.o)
    0x0800012a   0x0800012a   0x00000002   Code   RO          259    .ARM.Collect$$rtexit$$00000000  c_p.l(rtexit.o)
    0x0800012c   0x0800012c   0x00000000   Code   RO          317    .ARM.Collect$$rtexit$$00000002  c_p.l(rtexit2.o)
    0x0800012c   0x0800012c   0x00000004   Code   RO          318    .ARM.Collect$$rtexit$$00000003  c_p.l(rtexit2.o)
    0x08000130   0x08000130   0x00000006   Code   RO          319    .ARM.Collect$$rtexit$$00000004  c_p.l(rtexit2.o)
    0x08000136   0x08000136   0x00000002   PAD
    0x08000138   0x08000138   0x00000038   Code   RO          183  * .text               startup_stm32f031x6.o
    0x08000170   0x08000170   0x000001f8   Code   RO          206    .text               c_p.l(aeabi_sdivfast.o)
    0x08000368   0x08000368   0x00000006   Code   RO          214    .text               c_p.l(heapauxi.o)
    0x0800036e   0x0800036e   0x0000003e   Code   RO          240    .text               c_p.l(sys_stackheap_outer.o)
    0x080003ac   0x080003ac   0x00000010   Code   RO          243    .text               c_p.l(exit.o)
    0x080003bc   0x080003bc   0x00000008   Code   RO          255    .text               c_p.l(libspace.o)
    0x080003c4   0x080003c4   0x0000000c   Code   RO          312    .text               c_p.l(sys_exit.o)
    0x080003d0   0x080003d0   0x00000002   Code   RO          335    .text               c_p.l(use_no_semi.o)
    0x080003d2   0x080003d2   0x00000000   Code   RO          337    .text               c_p.l(indicate_semi.o)
    0x080003d2   0x080003d2   0x00000056   Code   RO          391    .text               c_p.l(__dczerorl2.o)
    0x08000428   0x08000428   0x0000000c   Code   RO          114    .text.CSHigh        display.o
    0x08000434   0x08000434   0x0000000c   Code   RO          120    .text.CSLow         display.o
    0x08000440   0x08000440   0x0000000c   Code   RO          130    .text.DCHigh        display.o
    0x0800044c   0x0800044c   0x0000000c   Code   RO          170    .text.DCLow         display.o
    0x08000458   0x08000458   0x0000002c   Code   RO           46    .text.DownPressed   main.o
    0x08000484   0x08000484   0x0000002c   Code   RO           28    .text.LeftPressed   main.o
    0x080004b0   0x080004b0   0x00000016   Code   RO          162    .text.RGBToWord     display.o
    0x080004c6   0x080004c6   0x00000002   PAD
    0x080004c8   0x080004c8   0x0000000c   Code   RO          116    .text.ResetHigh     display.o
    0x080004d4   0x080004d4   0x00000010   Code   RO          118    .text.ResetLow      display.o
    0x080004e4   0x080004e4   0x00000030   Code   RO           42    .text.RightPressed  main.o
    0x08000514   0x08000514   0x000000a0   Code   RO           10    .text.SerialBegin   main.o
    0x080005b4   0x080005b4   0x0000002c   Code   RO           72    .text.SysTick_Handler  main.o
    0x080005e0   0x080005e0   0x00000002   Code   RO          190    .text.SystemInit    system_stm32f0xx.o
    0x080005e2   0x080005e2   0x00000002   PAD
    0x080005e4   0x080005e4   0x00000030   Code   RO           50    .text.UpPressed     main.o
    0x08000614   0x08000614   0x00000078   Code   RO           58    .text.blockTouching  main.o
    0x0800068c   0x0800068c   0x00000010   Code   RO          122    .text.command       display.o
    0x0800069c   0x0800069c   0x00000010   Code   RO          124    .text.data          display.o
    0x080006ac   0x080006ac   0x00000024   Code   RO           66    .text.delay         main.o
    0x080006d0   0x080006d0   0x00000214   Code   RO          110    .text.display_begin  display.o
    0x080008e4   0x080008e4   0x00000010   Code   RO           74    .text.egetchar      main.o
    0x080008f4   0x080008f4   0x00000018   Code   RO           14    .text.enablePullUp  main.o
    0x0800090c   0x0800090c   0x00000014   Code   RO           80    .text.eputchar      main.o
    0x08000920   0x08000920   0x0000001c   Code   RO           24    .text.eputs         main.o
    0x0800093c   0x0800093c   0x0000002e   Code   RO          126    .text.fillRectangle  display.o
    0x0800096a   0x0800096a   0x00000002   PAD
    0x0800096c   0x0800096c   0x00000020   Code   RO           76    .text.hideBall      main.o
    0x0800098c   0x0800098c   0x0000001c   Code   RO           78    .text.hideBat       main.o
    0x080009a8   0x080009a8   0x00000024   Code   RO           60    .text.hideBlock     main.o
    0x080009cc   0x080009cc   0x00000064   Code   RO            4    .text.initClock     main.o
    0x08000a30   0x08000a30   0x00000058   Code   RO          112    .text.initSPI       display.o
    0x08000a88   0x08000a88   0x0000001c   Code   RO            6    .text.initSysTick   main.o
    0x08000aa4   0x08000aa4   0x00000070   Code   RO            8    .text.initTimer     main.o
    0x08000b14   0x08000b14   0x00000010   Code   RO           70    .text.keyPressed    main.o
    0x08000b24   0x08000b24   0x0000000c   Code   RO           20    .text.levelOff      main.o
    0x08000b30   0x08000b30   0x0000000c   Code   RO           62    .text.levelOn       main.o
    0x08000b3c   0x08000b3c   0x000000c8   Code   RO            2    .text.main          main.o
    0x08000c04   0x08000c04   0x00000020   Code   RO           34    .text.moveBall      main.o
    0x08000c24   0x08000c24   0x00000020   Code   RO           44    .text.moveBat       main.o
    0x08000c44   0x08000c44   0x00000018   Code   RO          154    .text.mystrlen      display.o
    0x08000c5c   0x08000c5c   0x00000052   Code   RO          128    .text.openAperture  display.o
    0x08000cae   0x08000cae   0x00000002   PAD
    0x08000cb0   0x08000cb0   0x0000000c   Code   RO           18    .text.overOff       main.o
    0x08000cbc   0x08000cbc   0x00000010   Code   RO           54    .text.overOn        main.o
    0x08000ccc   0x08000ccc   0x0000000c   Code   RO           16    .text.pauseOff      main.o
    0x08000cd8   0x08000cd8   0x00000010   Code   RO           48    .text.pauseOn       main.o
    0x08000ce8   0x08000ce8   0x00000012   Code   RO           12    .text.pinMode       main.o
    0x08000cfa   0x08000cfa   0x00000002   PAD
    0x08000cfc   0x08000cfc   0x00000bec   Code   RO           22    .text.playBrici     main.o
    0x080018e8   0x080018e8   0x00000054   Code   RO           52    .text.playNote      main.o
    0x0800193c   0x0800193c   0x0000002c   Code   RO           26    .text.playTune      main.o
    0x08001968   0x08001968   0x00000028   Code   RO           56    .text.playTune2     main.o
    0x08001990   0x08001990   0x00000030   Code   RO           64    .text.playTune3     main.o
    0x080019c0   0x080019c0   0x00000034   Code   RO           68    .text.playTune4     main.o
    0x080019f4   0x080019f4   0x00000050   Code   RO          158    .text.printNumber   display.o
    0x08001a44   0x08001a44   0x00000098   Code   RO          152    .text.printText     display.o
    0x08001adc   0x08001adc   0x00000128   Code   RO          136    .text.putImage      display.o
    0x08001c04   0x08001c04   0x00000024   Code   RO           32    .text.random        main.o
    0x08001c28   0x08001c28   0x00000020   Code   RO           30    .text.randomize     main.o
    0x08001c48   0x08001c48   0x00000030   Code   RO           38    .text.showBall      main.o
    0x08001c78   0x08001c78   0x00000030   Code   RO           40    .text.showBat       main.o
    0x08001ca8   0x08001ca8   0x00000028   Code   RO           36    .text.showBlock     main.o
    0x08001cd0   0x08001cd0   0x00000024   Code   RO          132    .text.transferSPI16  display.o
    0x08001cf4   0x08001cf4   0x0000002c   Code   RO          168    .text.transferSPI8  display.o
    0x08001d20   0x08001d20   0x000001f6   Code   RO          207    .text_divfast       c_p.l(aeabi_sdivfast.o)
    0x08001f16   0x08001f16   0x000001e0   Data   RO          172    .rodata.Font5x7     display.o
    0x080020f6   0x080020f6   0x00001017   Data   RO           94    .rodata.str1.1      main.o
    0x0800310d   0x0800310d   0x00000003   PAD
    0x08003110   0x08003110   0x00000020   Data   RO          390    Region$$Table       anon$$obj.o


    Execution Region ER_RW (Exec base: 0x20000000, Load base: 0x08003130, Size: 0x0000025c, Max: 0xffffffff, ABSOLUTE, COMPRESSED[0x000000dc])

    Exec Addr    Load Addr    Size         Type   Attr      Idx    E Section Name        Object

    0x20000000   COMPRESSED   0x00000120   Data   RW           82    .data.Blocks        main.o
    0x20000120   COMPRESSED   0x00000004   Data   RW           83    .data.Paused        main.o
    0x20000124   COMPRESSED   0x00000018   Data   RW           88    .data.levelUpTime   main.o
    0x2000013c   COMPRESSED   0x00000018   Data   RW           87    .data.levelUpTune   main.o
    0x20000154   COMPRESSED   0x00000034   Data   RW           90    .data.looseLevelTime  main.o
    0x20000188   COMPRESSED   0x00000034   Data   RW           89    .data.looseLevelTune  main.o
    0x200001bc   COMPRESSED   0x00000024   Data   RW           86    .data.myTime        main.o
    0x200001e0   COMPRESSED   0x00000024   Data   RW           85    .data.myTune        main.o
    0x20000204   COMPRESSED   0x0000002c   Data   RW           92    .data.victoryTime   main.o
    0x20000230   COMPRESSED   0x0000002c   Data   RW           91    .data.victoryTune   main.o


    Execution Region ER_ZI (Exec base: 0x20000260, Load base: 0x0800320c, Size: 0x00000680, Max: 0xffffffff, ABSOLUTE)

    Exec Addr    Load Addr    Size         Type   Attr      Idx    E Section Name        Object

    0x20000260        -       0x00000060   Zero   RW          256    .bss                c_p.l(libspace.o)
    0x200002c0        -       0x00000004   Zero   RW           97    .bss.ball_x         main.o
    0x200002c4        -       0x00000004   Zero   RW           98    .bss.ball_y         main.o
    0x200002c8        -       0x00000004   Zero   RW           95    .bss.bat_x          main.o
    0x200002cc        -       0x00000004   Zero   RW           96    .bss.bat_y          main.o
    0x200002d0        -       0x00000004   Zero   RW           99    .bss.milliseconds   main.o
    0x200002d4        -       0x00000004   Zero   RW          100    .bss.prbs_shift_register  main.o
    0x200002d8        -       0x00000004   Zero   RW           84    .bss.sound_duration  main.o
    0x200002dc   0x0800320c   0x00000004   PAD
    0x200002e0        -       0x00000200   Zero   RW          181    HEAP                startup_stm32f031x6.o
    0x200004e0        -       0x00000400   Zero   RW          180    STACK               startup_stm32f031x6.o


==============================================================================

Image component sizes


      Code (inc. data)   RO Data    RW Data    ZI Data      Debug   Object Name

      1510         36        480          0          0      14085   display.o
      4870        860       4119        604         28      11710   main.o
        56         26        176          0       1536        644   startup_stm32f031x6.o
         2          0          0          0          0       1804   system_stm32f0xx.o

    ----------------------------------------------------------------------
      6448        922       4810        604       1568      28243   Object Totals
         0          0         32          0          0          0   (incl. Generated)
        10          0          3          0          4          0   (incl. Padding)

    ----------------------------------------------------------------------

      Code (inc. data)   RO Data    RW Data    ZI Data      Debug   Library Member Name

        86          0          0          0          0          0   __dczerorl2.o
         8          0          0          0          0         68   __main.o
         0          0          0          0          0          0   __rtentry.o
        12          0          0          0          0          0   __rtentry2.o
         6          0          0          0          0          0   __rtentry4.o
        60          8          0          0          0          0   __scatter.o
        28          0          0          0          0          0   __scatter_zi.o
      1006          4          0          0          0        184   aeabi_sdivfast.o
        16          0          0          0          0         68   exit.o
         6          0          0          0          0        136   heapauxi.o
         0          0          0          0          0          0   indicate_semi.o
         2          0          0          0          0          0   libinit.o
         2          0          0          0          0          0   libinit2.o
         2          0          0          0          0          0   libshutdown.o
         2          0          0          0          0          0   libshutdown2.o
         8          4          0          0         96         68   libspace.o
         2          0          0          0          0          0   rtexit.o
        10          0          0          0          0          0   rtexit2.o
        12          4          0          0          0         60   sys_exit.o
        62          0          0          0          0         80   sys_stackheap_outer.o
         2          0          0          0          0         68   use_no_semi.o

    ----------------------------------------------------------------------
      1334         20          0          0         96        732   Library Totals
         2          0          0          0          0          0   (incl. Padding)

    ----------------------------------------------------------------------

      Code (inc. data)   RO Data    RW Data    ZI Data      Debug   Library Name

      1332         20          0          0         96        732   c_p.l

    ----------------------------------------------------------------------
      1334         20          0          0         96        732   Library Totals

    ----------------------------------------------------------------------

==============================================================================


      Code (inc. data)   RO Data    RW Data    ZI Data      Debug   

      7782        942       4810        604       1664      28751   Grand Totals
      7782        942       4810        220       1664      28751   ELF Image Totals (compressed)
      7782        942       4810        220          0          0   ROM Totals

==============================================================================

    Total RO  Size (Code + RO Data)                12592 (  12.30kB)
    Total RW  Size (RW Data + ZI Data)              2268 (   2.21kB)
    Total ROM Size (Code + RO Data + RW Data)      12812 (  12.51kB)

==============================================================================

