<!doctype html public "-//w3c//dtd html 4.0 transitional//en">
<html><head>
<title>Static Call Graph - [.\Objects\project1.axf]</title></head>
<body><HR>
<H1>Static Call Graph for image .\Objects\project1.axf</H1><HR>
<BR><P>#&#060CALLGRAPH&#062# ARM Linker, 6140002: Last Updated: Thu Mar  9 14:53:05 2023
<BR><P>
<H3>Maximum Stack Usage =        352 bytes + Unknown(Functions without stacksize, Cycles, Untraceable Function Pointers)</H3><H3>
Call chain for Maximum Stack Depth:</H3>
__rt_entry_main &rArr; main &rArr; playBrici &rArr; printNumber &rArr; printText &rArr; putImage &rArr; openAperture &rArr; data &rArr; transferSPI8
<P>
<H3>
Functions with no stack information
</H3><UL>
 <LI><a href="#[1e]">__user_initial_stackheap</a>
</UL>
</UL>
<P>
<H3>
Mutually Recursive functions
</H3> <LI><a href="#[1]">NMI_Handler</a>&nbsp;&nbsp;&nbsp;&rArr;&nbsp;&nbsp;&nbsp;<a href="#[1]">NMI_Handler</a><BR>
 <LI><a href="#[2]">HardFault_Handler</a>&nbsp;&nbsp;&nbsp;&rArr;&nbsp;&nbsp;&nbsp;<a href="#[2]">HardFault_Handler</a><BR>
 <LI><a href="#[3]">SVC_Handler</a>&nbsp;&nbsp;&nbsp;&rArr;&nbsp;&nbsp;&nbsp;<a href="#[3]">SVC_Handler</a><BR>
 <LI><a href="#[4]">PendSV_Handler</a>&nbsp;&nbsp;&nbsp;&rArr;&nbsp;&nbsp;&nbsp;<a href="#[4]">PendSV_Handler</a><BR>
 <LI><a href="#[11]">ADC1_IRQHandler</a>&nbsp;&nbsp;&nbsp;&rArr;&nbsp;&nbsp;&nbsp;<a href="#[11]">ADC1_IRQHandler</a><BR>
</UL>
<P>
<H3>
Function Pointers
</H3><UL>
 <LI><a href="#[11]">ADC1_IRQHandler</a> from startup_stm32f031x6.o(.text) referenced from startup_stm32f031x6.o(RESET)
 <LI><a href="#[e]">DMA1_Channel1_IRQHandler</a> from startup_stm32f031x6.o(.text) referenced from startup_stm32f031x6.o(RESET)
 <LI><a href="#[f]">DMA1_Channel2_3_IRQHandler</a> from startup_stm32f031x6.o(.text) referenced from startup_stm32f031x6.o(RESET)
 <LI><a href="#[10]">DMA1_Channel4_5_IRQHandler</a> from startup_stm32f031x6.o(.text) referenced from startup_stm32f031x6.o(RESET)
 <LI><a href="#[b]">EXTI0_1_IRQHandler</a> from startup_stm32f031x6.o(.text) referenced from startup_stm32f031x6.o(RESET)
 <LI><a href="#[c]">EXTI2_3_IRQHandler</a> from startup_stm32f031x6.o(.text) referenced from startup_stm32f031x6.o(RESET)
 <LI><a href="#[d]">EXTI4_15_IRQHandler</a> from startup_stm32f031x6.o(.text) referenced from startup_stm32f031x6.o(RESET)
 <LI><a href="#[9]">FLASH_IRQHandler</a> from startup_stm32f031x6.o(.text) referenced from startup_stm32f031x6.o(RESET)
 <LI><a href="#[2]">HardFault_Handler</a> from startup_stm32f031x6.o(.text) referenced from startup_stm32f031x6.o(RESET)
 <LI><a href="#[19]">I2C1_IRQHandler</a> from startup_stm32f031x6.o(.text) referenced from startup_stm32f031x6.o(RESET)
 <LI><a href="#[1]">NMI_Handler</a> from startup_stm32f031x6.o(.text) referenced from startup_stm32f031x6.o(RESET)
 <LI><a href="#[7]">PVD_IRQHandler</a> from startup_stm32f031x6.o(.text) referenced from startup_stm32f031x6.o(RESET)
 <LI><a href="#[4]">PendSV_Handler</a> from startup_stm32f031x6.o(.text) referenced from startup_stm32f031x6.o(RESET)
 <LI><a href="#[a]">RCC_IRQHandler</a> from startup_stm32f031x6.o(.text) referenced from startup_stm32f031x6.o(RESET)
 <LI><a href="#[8]">RTC_IRQHandler</a> from startup_stm32f031x6.o(.text) referenced from startup_stm32f031x6.o(RESET)
 <LI><a href="#[0]">Reset_Handler</a> from startup_stm32f031x6.o(.text) referenced from startup_stm32f031x6.o(RESET)
 <LI><a href="#[1a]">SPI1_IRQHandler</a> from startup_stm32f031x6.o(.text) referenced from startup_stm32f031x6.o(RESET)
 <LI><a href="#[3]">SVC_Handler</a> from startup_stm32f031x6.o(.text) referenced from startup_stm32f031x6.o(RESET)
 <LI><a href="#[5]">SysTick_Handler</a> from main.o(.text.SysTick_Handler) referenced from startup_stm32f031x6.o(RESET)
 <LI><a href="#[1c]">SystemInit</a> from system_stm32f0xx.o(.text.SystemInit) referenced from startup_stm32f031x6.o(.text)
 <LI><a href="#[16]">TIM14_IRQHandler</a> from startup_stm32f031x6.o(.text) referenced from startup_stm32f031x6.o(RESET)
 <LI><a href="#[17]">TIM16_IRQHandler</a> from startup_stm32f031x6.o(.text) referenced from startup_stm32f031x6.o(RESET)
 <LI><a href="#[18]">TIM17_IRQHandler</a> from startup_stm32f031x6.o(.text) referenced from startup_stm32f031x6.o(RESET)
 <LI><a href="#[12]">TIM1_BRK_UP_TRG_COM_IRQHandler</a> from startup_stm32f031x6.o(.text) referenced from startup_stm32f031x6.o(RESET)
 <LI><a href="#[13]">TIM1_CC_IRQHandler</a> from startup_stm32f031x6.o(.text) referenced from startup_stm32f031x6.o(RESET)
 <LI><a href="#[14]">TIM2_IRQHandler</a> from startup_stm32f031x6.o(.text) referenced from startup_stm32f031x6.o(RESET)
 <LI><a href="#[15]">TIM3_IRQHandler</a> from startup_stm32f031x6.o(.text) referenced from startup_stm32f031x6.o(RESET)
 <LI><a href="#[1b]">USART1_IRQHandler</a> from startup_stm32f031x6.o(.text) referenced from startup_stm32f031x6.o(RESET)
 <LI><a href="#[6]">WWDG_IRQHandler</a> from startup_stm32f031x6.o(.text) referenced from startup_stm32f031x6.o(RESET)
 <LI><a href="#[1d]">__main</a> from __main.o(!!!main) referenced from startup_stm32f031x6.o(.text)
</UL>
<P>
<H3>
Global Symbols
</H3>
<P><STRONG><a name="[1d]"></a>__main</STRONG> (Thumb, 8 bytes, Stack size 0 bytes, __main.o(!!!main))
<BR><BR>[Calls]<UL><LI><a href="#[20]">&gt;&gt;</a>&nbsp;&nbsp;&nbsp;__rt_entry
<LI><a href="#[1f]">&gt;&gt;</a>&nbsp;&nbsp;&nbsp;__scatterload
</UL>
<BR>[Address Reference Count : 1]<UL><LI> startup_stm32f031x6.o(.text)
</UL>
<P><STRONG><a name="[1f]"></a>__scatterload</STRONG> (Thumb, 0 bytes, Stack size unknown bytes, __scatter.o(!!!scatter))
<BR><BR>[Called By]<UL><LI><a href="#[1d]">&gt;&gt;</a>&nbsp;&nbsp;&nbsp;__main
</UL>

<P><STRONG><a name="[21]"></a>__scatterload_rt2</STRONG> (Thumb, 52 bytes, Stack size unknown bytes, __scatter.o(!!!scatter), UNUSED)
<BR><BR>[Calls]<UL><LI><a href="#[20]">&gt;&gt;</a>&nbsp;&nbsp;&nbsp;__rt_entry
</UL>

<P><STRONG><a name="[6b]"></a>__scatterload_rt2_thumb_only</STRONG> (Thumb, 0 bytes, Stack size unknown bytes, __scatter.o(!!!scatter), UNUSED)

<P><STRONG><a name="[6c]"></a>__scatterload_null</STRONG> (Thumb, 0 bytes, Stack size unknown bytes, __scatter.o(!!!scatter), UNUSED)

<P><STRONG><a name="[6d]"></a>__scatterload_zeroinit</STRONG> (Thumb, 28 bytes, Stack size unknown bytes, __scatter_zi.o(!!handler_zi), UNUSED)

<P><STRONG><a name="[25]"></a>__rt_lib_init</STRONG> (Thumb, 0 bytes, Stack size unknown bytes, libinit.o(.ARM.Collect$$libinit$$00000000))
<BR><BR>[Called By]<UL><LI><a href="#[24]">&gt;&gt;</a>&nbsp;&nbsp;&nbsp;__rt_entry_li
</UL>

<P><STRONG><a name="[6e]"></a>__rt_lib_init_alloca_1</STRONG> (Thumb, 0 bytes, Stack size unknown bytes, libinit2.o(.ARM.Collect$$libinit$$0000002E))

<P><STRONG><a name="[6f]"></a>__rt_lib_init_argv_1</STRONG> (Thumb, 0 bytes, Stack size unknown bytes, libinit2.o(.ARM.Collect$$libinit$$0000002C))

<P><STRONG><a name="[70]"></a>__rt_lib_init_atexit_1</STRONG> (Thumb, 0 bytes, Stack size unknown bytes, libinit2.o(.ARM.Collect$$libinit$$0000001B))

<P><STRONG><a name="[71]"></a>__rt_lib_init_clock_1</STRONG> (Thumb, 0 bytes, Stack size unknown bytes, libinit2.o(.ARM.Collect$$libinit$$00000021))

<P><STRONG><a name="[72]"></a>__rt_lib_init_cpp_1</STRONG> (Thumb, 0 bytes, Stack size unknown bytes, libinit2.o(.ARM.Collect$$libinit$$00000032))

<P><STRONG><a name="[73]"></a>__rt_lib_init_exceptions_1</STRONG> (Thumb, 0 bytes, Stack size unknown bytes, libinit2.o(.ARM.Collect$$libinit$$00000030))

<P><STRONG><a name="[74]"></a>__rt_lib_init_fp_1</STRONG> (Thumb, 0 bytes, Stack size unknown bytes, libinit2.o(.ARM.Collect$$libinit$$00000002))

<P><STRONG><a name="[75]"></a>__rt_lib_init_fp_trap_1</STRONG> (Thumb, 0 bytes, Stack size unknown bytes, libinit2.o(.ARM.Collect$$libinit$$0000001F))

<P><STRONG><a name="[76]"></a>__rt_lib_init_getenv_1</STRONG> (Thumb, 0 bytes, Stack size unknown bytes, libinit2.o(.ARM.Collect$$libinit$$00000023))

<P><STRONG><a name="[77]"></a>__rt_lib_init_heap_1</STRONG> (Thumb, 0 bytes, Stack size unknown bytes, libinit2.o(.ARM.Collect$$libinit$$0000000A))

<P><STRONG><a name="[78]"></a>__rt_lib_init_lc_collate_1</STRONG> (Thumb, 0 bytes, Stack size unknown bytes, libinit2.o(.ARM.Collect$$libinit$$00000011))

<P><STRONG><a name="[79]"></a>__rt_lib_init_lc_ctype_1</STRONG> (Thumb, 0 bytes, Stack size unknown bytes, libinit2.o(.ARM.Collect$$libinit$$00000013))

<P><STRONG><a name="[7a]"></a>__rt_lib_init_lc_monetary_1</STRONG> (Thumb, 0 bytes, Stack size unknown bytes, libinit2.o(.ARM.Collect$$libinit$$00000015))

<P><STRONG><a name="[7b]"></a>__rt_lib_init_lc_numeric_1</STRONG> (Thumb, 0 bytes, Stack size unknown bytes, libinit2.o(.ARM.Collect$$libinit$$00000017))

<P><STRONG><a name="[7c]"></a>__rt_lib_init_lc_time_1</STRONG> (Thumb, 0 bytes, Stack size unknown bytes, libinit2.o(.ARM.Collect$$libinit$$00000019))

<P><STRONG><a name="[7d]"></a>__rt_lib_init_preinit_1</STRONG> (Thumb, 0 bytes, Stack size unknown bytes, libinit2.o(.ARM.Collect$$libinit$$00000004))

<P><STRONG><a name="[7e]"></a>__rt_lib_init_rand_1</STRONG> (Thumb, 0 bytes, Stack size unknown bytes, libinit2.o(.ARM.Collect$$libinit$$0000000E))

<P><STRONG><a name="[7f]"></a>__rt_lib_init_return</STRONG> (Thumb, 0 bytes, Stack size unknown bytes, libinit2.o(.ARM.Collect$$libinit$$00000033))

<P><STRONG><a name="[80]"></a>__rt_lib_init_signal_1</STRONG> (Thumb, 0 bytes, Stack size unknown bytes, libinit2.o(.ARM.Collect$$libinit$$0000001D))

<P><STRONG><a name="[81]"></a>__rt_lib_init_stdio_1</STRONG> (Thumb, 0 bytes, Stack size unknown bytes, libinit2.o(.ARM.Collect$$libinit$$00000025))

<P><STRONG><a name="[82]"></a>__rt_lib_init_user_alloc_1</STRONG> (Thumb, 0 bytes, Stack size unknown bytes, libinit2.o(.ARM.Collect$$libinit$$0000000C))

<P><STRONG><a name="[2a]"></a>__rt_lib_shutdown</STRONG> (Thumb, 0 bytes, Stack size unknown bytes, libshutdown.o(.ARM.Collect$$libshutdown$$00000000))
<BR><BR>[Called By]<UL><LI><a href="#[29]">&gt;&gt;</a>&nbsp;&nbsp;&nbsp;__rt_exit_ls
</UL>

<P><STRONG><a name="[83]"></a>__rt_lib_shutdown_cpp_1</STRONG> (Thumb, 0 bytes, Stack size unknown bytes, libshutdown2.o(.ARM.Collect$$libshutdown$$00000002))

<P><STRONG><a name="[84]"></a>__rt_lib_shutdown_fp_trap_1</STRONG> (Thumb, 0 bytes, Stack size unknown bytes, libshutdown2.o(.ARM.Collect$$libshutdown$$00000007))

<P><STRONG><a name="[85]"></a>__rt_lib_shutdown_heap_1</STRONG> (Thumb, 0 bytes, Stack size unknown bytes, libshutdown2.o(.ARM.Collect$$libshutdown$$0000000F))

<P><STRONG><a name="[86]"></a>__rt_lib_shutdown_return</STRONG> (Thumb, 0 bytes, Stack size unknown bytes, libshutdown2.o(.ARM.Collect$$libshutdown$$00000010))

<P><STRONG><a name="[87]"></a>__rt_lib_shutdown_signal_1</STRONG> (Thumb, 0 bytes, Stack size unknown bytes, libshutdown2.o(.ARM.Collect$$libshutdown$$0000000A))

<P><STRONG><a name="[88]"></a>__rt_lib_shutdown_stdio_1</STRONG> (Thumb, 0 bytes, Stack size unknown bytes, libshutdown2.o(.ARM.Collect$$libshutdown$$00000004))

<P><STRONG><a name="[89]"></a>__rt_lib_shutdown_user_alloc_1</STRONG> (Thumb, 0 bytes, Stack size unknown bytes, libshutdown2.o(.ARM.Collect$$libshutdown$$0000000C))

<P><STRONG><a name="[20]"></a>__rt_entry</STRONG> (Thumb, 0 bytes, Stack size unknown bytes, __rtentry.o(.ARM.Collect$$rtentry$$00000000))
<BR><BR>[Called By]<UL><LI><a href="#[1d]">&gt;&gt;</a>&nbsp;&nbsp;&nbsp;__main
<LI><a href="#[21]">&gt;&gt;</a>&nbsp;&nbsp;&nbsp;__scatterload_rt2
</UL>

<P><STRONG><a name="[8a]"></a>__rt_entry_presh_1</STRONG> (Thumb, 0 bytes, Stack size unknown bytes, __rtentry2.o(.ARM.Collect$$rtentry$$00000002))

<P><STRONG><a name="[22]"></a>__rt_entry_sh</STRONG> (Thumb, 0 bytes, Stack size unknown bytes, __rtentry4.o(.ARM.Collect$$rtentry$$00000004))
<BR><BR>[Stack]<UL><LI>Max Depth = 8 + Unknown Stack Size
<LI>Call Chain = __rt_entry_sh &rArr; __user_setup_stackheap
</UL>
<BR>[Calls]<UL><LI><a href="#[23]">&gt;&gt;</a>&nbsp;&nbsp;&nbsp;__user_setup_stackheap
</UL>

<P><STRONG><a name="[24]"></a>__rt_entry_li</STRONG> (Thumb, 0 bytes, Stack size unknown bytes, __rtentry2.o(.ARM.Collect$$rtentry$$0000000A))
<BR><BR>[Calls]<UL><LI><a href="#[25]">&gt;&gt;</a>&nbsp;&nbsp;&nbsp;__rt_lib_init
</UL>

<P><STRONG><a name="[8b]"></a>__rt_entry_postsh_1</STRONG> (Thumb, 0 bytes, Stack size unknown bytes, __rtentry2.o(.ARM.Collect$$rtentry$$00000009))

<P><STRONG><a name="[26]"></a>__rt_entry_main</STRONG> (Thumb, 0 bytes, Stack size unknown bytes, __rtentry2.o(.ARM.Collect$$rtentry$$0000000D))
<BR><BR>[Stack]<UL><LI>Max Depth = 352 + Unknown Stack Size
<LI>Call Chain = __rt_entry_main &rArr; main &rArr; playBrici &rArr; printNumber &rArr; printText &rArr; putImage &rArr; openAperture &rArr; data &rArr; transferSPI8
</UL>
<BR>[Calls]<UL><LI><a href="#[28]">&gt;&gt;</a>&nbsp;&nbsp;&nbsp;exit
<LI><a href="#[27]">&gt;&gt;</a>&nbsp;&nbsp;&nbsp;main
</UL>

<P><STRONG><a name="[8c]"></a>__rt_entry_postli_1</STRONG> (Thumb, 0 bytes, Stack size unknown bytes, __rtentry2.o(.ARM.Collect$$rtentry$$0000000C))

<P><STRONG><a name="[2f]"></a>__rt_exit</STRONG> (Thumb, 0 bytes, Stack size unknown bytes, rtexit.o(.ARM.Collect$$rtexit$$00000000))
<BR><BR>[Called By]<UL><LI><a href="#[28]">&gt;&gt;</a>&nbsp;&nbsp;&nbsp;exit
</UL>

<P><STRONG><a name="[29]"></a>__rt_exit_ls</STRONG> (Thumb, 0 bytes, Stack size unknown bytes, rtexit2.o(.ARM.Collect$$rtexit$$00000003))
<BR><BR>[Calls]<UL><LI><a href="#[2a]">&gt;&gt;</a>&nbsp;&nbsp;&nbsp;__rt_lib_shutdown
</UL>

<P><STRONG><a name="[8d]"></a>__rt_exit_prels_1</STRONG> (Thumb, 0 bytes, Stack size unknown bytes, rtexit2.o(.ARM.Collect$$rtexit$$00000002))

<P><STRONG><a name="[2b]"></a>__rt_exit_exit</STRONG> (Thumb, 0 bytes, Stack size unknown bytes, rtexit2.o(.ARM.Collect$$rtexit$$00000004))
<BR><BR>[Calls]<UL><LI><a href="#[2c]">&gt;&gt;</a>&nbsp;&nbsp;&nbsp;_sys_exit
</UL>

<P><STRONG><a name="[0]"></a>Reset_Handler</STRONG> (Thumb, 8 bytes, Stack size 0 bytes, startup_stm32f031x6.o(.text))
<BR>[Address Reference Count : 1]<UL><LI> startup_stm32f031x6.o(RESET)
</UL>
<P><STRONG><a name="[1]"></a>NMI_Handler</STRONG> (Thumb, 2 bytes, Stack size 0 bytes, startup_stm32f031x6.o(.text))
<BR><BR>[Calls]<UL><LI><a href="#[1]">&gt;&gt;</a>&nbsp;&nbsp;&nbsp;NMI_Handler
</UL>
<BR>[Called By]<UL><LI><a href="#[1]">&gt;&gt;</a>&nbsp;&nbsp;&nbsp;NMI_Handler
</UL>
<BR>[Address Reference Count : 1]<UL><LI> startup_stm32f031x6.o(RESET)
</UL>
<P><STRONG><a name="[2]"></a>HardFault_Handler</STRONG> (Thumb, 2 bytes, Stack size 0 bytes, startup_stm32f031x6.o(.text))
<BR><BR>[Calls]<UL><LI><a href="#[2]">&gt;&gt;</a>&nbsp;&nbsp;&nbsp;HardFault_Handler
</UL>
<BR>[Called By]<UL><LI><a href="#[2]">&gt;&gt;</a>&nbsp;&nbsp;&nbsp;HardFault_Handler
</UL>
<BR>[Address Reference Count : 1]<UL><LI> startup_stm32f031x6.o(RESET)
</UL>
<P><STRONG><a name="[3]"></a>SVC_Handler</STRONG> (Thumb, 2 bytes, Stack size 0 bytes, startup_stm32f031x6.o(.text))
<BR><BR>[Calls]<UL><LI><a href="#[3]">&gt;&gt;</a>&nbsp;&nbsp;&nbsp;SVC_Handler
</UL>
<BR>[Called By]<UL><LI><a href="#[3]">&gt;&gt;</a>&nbsp;&nbsp;&nbsp;SVC_Handler
</UL>
<BR>[Address Reference Count : 1]<UL><LI> startup_stm32f031x6.o(RESET)
</UL>
<P><STRONG><a name="[4]"></a>PendSV_Handler</STRONG> (Thumb, 2 bytes, Stack size 0 bytes, startup_stm32f031x6.o(.text))
<BR><BR>[Calls]<UL><LI><a href="#[4]">&gt;&gt;</a>&nbsp;&nbsp;&nbsp;PendSV_Handler
</UL>
<BR>[Called By]<UL><LI><a href="#[4]">&gt;&gt;</a>&nbsp;&nbsp;&nbsp;PendSV_Handler
</UL>
<BR>[Address Reference Count : 1]<UL><LI> startup_stm32f031x6.o(RESET)
</UL>
<P><STRONG><a name="[11]"></a>ADC1_IRQHandler</STRONG> (Thumb, 0 bytes, Stack size 0 bytes, startup_stm32f031x6.o(.text))
<BR><BR>[Calls]<UL><LI><a href="#[11]">&gt;&gt;</a>&nbsp;&nbsp;&nbsp;ADC1_IRQHandler
</UL>
<BR>[Called By]<UL><LI><a href="#[11]">&gt;&gt;</a>&nbsp;&nbsp;&nbsp;ADC1_IRQHandler
</UL>
<BR>[Address Reference Count : 1]<UL><LI> startup_stm32f031x6.o(RESET)
</UL>
<P><STRONG><a name="[e]"></a>DMA1_Channel1_IRQHandler</STRONG> (Thumb, 0 bytes, Stack size 0 bytes, startup_stm32f031x6.o(.text))
<BR>[Address Reference Count : 1]<UL><LI> startup_stm32f031x6.o(RESET)
</UL>
<P><STRONG><a name="[f]"></a>DMA1_Channel2_3_IRQHandler</STRONG> (Thumb, 0 bytes, Stack size 0 bytes, startup_stm32f031x6.o(.text))
<BR>[Address Reference Count : 1]<UL><LI> startup_stm32f031x6.o(RESET)
</UL>
<P><STRONG><a name="[10]"></a>DMA1_Channel4_5_IRQHandler</STRONG> (Thumb, 0 bytes, Stack size 0 bytes, startup_stm32f031x6.o(.text))
<BR>[Address Reference Count : 1]<UL><LI> startup_stm32f031x6.o(RESET)
</UL>
<P><STRONG><a name="[b]"></a>EXTI0_1_IRQHandler</STRONG> (Thumb, 0 bytes, Stack size 0 bytes, startup_stm32f031x6.o(.text))
<BR>[Address Reference Count : 1]<UL><LI> startup_stm32f031x6.o(RESET)
</UL>
<P><STRONG><a name="[c]"></a>EXTI2_3_IRQHandler</STRONG> (Thumb, 0 bytes, Stack size 0 bytes, startup_stm32f031x6.o(.text))
<BR>[Address Reference Count : 1]<UL><LI> startup_stm32f031x6.o(RESET)
</UL>
<P><STRONG><a name="[d]"></a>EXTI4_15_IRQHandler</STRONG> (Thumb, 0 bytes, Stack size 0 bytes, startup_stm32f031x6.o(.text))
<BR>[Address Reference Count : 1]<UL><LI> startup_stm32f031x6.o(RESET)
</UL>
<P><STRONG><a name="[9]"></a>FLASH_IRQHandler</STRONG> (Thumb, 0 bytes, Stack size 0 bytes, startup_stm32f031x6.o(.text))
<BR>[Address Reference Count : 1]<UL><LI> startup_stm32f031x6.o(RESET)
</UL>
<P><STRONG><a name="[19]"></a>I2C1_IRQHandler</STRONG> (Thumb, 0 bytes, Stack size 0 bytes, startup_stm32f031x6.o(.text))
<BR>[Address Reference Count : 1]<UL><LI> startup_stm32f031x6.o(RESET)
</UL>
<P><STRONG><a name="[7]"></a>PVD_IRQHandler</STRONG> (Thumb, 0 bytes, Stack size 0 bytes, startup_stm32f031x6.o(.text))
<BR>[Address Reference Count : 1]<UL><LI> startup_stm32f031x6.o(RESET)
</UL>
<P><STRONG><a name="[a]"></a>RCC_IRQHandler</STRONG> (Thumb, 0 bytes, Stack size 0 bytes, startup_stm32f031x6.o(.text))
<BR>[Address Reference Count : 1]<UL><LI> startup_stm32f031x6.o(RESET)
</UL>
<P><STRONG><a name="[8]"></a>RTC_IRQHandler</STRONG> (Thumb, 0 bytes, Stack size 0 bytes, startup_stm32f031x6.o(.text))
<BR>[Address Reference Count : 1]<UL><LI> startup_stm32f031x6.o(RESET)
</UL>
<P><STRONG><a name="[1a]"></a>SPI1_IRQHandler</STRONG> (Thumb, 0 bytes, Stack size 0 bytes, startup_stm32f031x6.o(.text))
<BR>[Address Reference Count : 1]<UL><LI> startup_stm32f031x6.o(RESET)
</UL>
<P><STRONG><a name="[16]"></a>TIM14_IRQHandler</STRONG> (Thumb, 0 bytes, Stack size 0 bytes, startup_stm32f031x6.o(.text))
<BR>[Address Reference Count : 1]<UL><LI> startup_stm32f031x6.o(RESET)
</UL>
<P><STRONG><a name="[17]"></a>TIM16_IRQHandler</STRONG> (Thumb, 0 bytes, Stack size 0 bytes, startup_stm32f031x6.o(.text))
<BR>[Address Reference Count : 1]<UL><LI> startup_stm32f031x6.o(RESET)
</UL>
<P><STRONG><a name="[18]"></a>TIM17_IRQHandler</STRONG> (Thumb, 0 bytes, Stack size 0 bytes, startup_stm32f031x6.o(.text))
<BR>[Address Reference Count : 1]<UL><LI> startup_stm32f031x6.o(RESET)
</UL>
<P><STRONG><a name="[12]"></a>TIM1_BRK_UP_TRG_COM_IRQHandler</STRONG> (Thumb, 0 bytes, Stack size 0 bytes, startup_stm32f031x6.o(.text))
<BR>[Address Reference Count : 1]<UL><LI> startup_stm32f031x6.o(RESET)
</UL>
<P><STRONG><a name="[13]"></a>TIM1_CC_IRQHandler</STRONG> (Thumb, 0 bytes, Stack size 0 bytes, startup_stm32f031x6.o(.text))
<BR>[Address Reference Count : 1]<UL><LI> startup_stm32f031x6.o(RESET)
</UL>
<P><STRONG><a name="[14]"></a>TIM2_IRQHandler</STRONG> (Thumb, 0 bytes, Stack size 0 bytes, startup_stm32f031x6.o(.text))
<BR>[Address Reference Count : 1]<UL><LI> startup_stm32f031x6.o(RESET)
</UL>
<P><STRONG><a name="[15]"></a>TIM3_IRQHandler</STRONG> (Thumb, 0 bytes, Stack size 0 bytes, startup_stm32f031x6.o(.text))
<BR>[Address Reference Count : 1]<UL><LI> startup_stm32f031x6.o(RESET)
</UL>
<P><STRONG><a name="[1b]"></a>USART1_IRQHandler</STRONG> (Thumb, 0 bytes, Stack size 0 bytes, startup_stm32f031x6.o(.text))
<BR>[Address Reference Count : 1]<UL><LI> startup_stm32f031x6.o(RESET)
</UL>
<P><STRONG><a name="[6]"></a>WWDG_IRQHandler</STRONG> (Thumb, 0 bytes, Stack size 0 bytes, startup_stm32f031x6.o(.text))
<BR>[Address Reference Count : 1]<UL><LI> startup_stm32f031x6.o(RESET)
</UL>
<P><STRONG><a name="[1e]"></a>__user_initial_stackheap</STRONG> (Thumb, 0 bytes, Stack size unknown bytes, startup_stm32f031x6.o(.text))
<BR><BR>[Called By]<UL><LI><a href="#[23]">&gt;&gt;</a>&nbsp;&nbsp;&nbsp;__user_setup_stackheap
</UL>

<P><STRONG><a name="[6a]"></a>__aeabi_uidivmod</STRONG> (Thumb, 28 bytes, Stack size 0 bytes, aeabi_sdivfast.o(.text))
<BR><BR>[Called By]<UL><LI><a href="#[5d]">&gt;&gt;</a>&nbsp;&nbsp;&nbsp;random
</UL>

<P><STRONG><a name="[8e]"></a>__aeabi_idivmod</STRONG> (Thumb, 472 bytes, Stack size 8 bytes, aeabi_sdivfast.o(.text), UNUSED)

<P><STRONG><a name="[8f]"></a>__use_two_region_memory</STRONG> (Thumb, 2 bytes, Stack size 0 bytes, heapauxi.o(.text), UNUSED)

<P><STRONG><a name="[90]"></a>__rt_heap_escrow$2region</STRONG> (Thumb, 2 bytes, Stack size 0 bytes, heapauxi.o(.text), UNUSED)

<P><STRONG><a name="[91]"></a>__rt_heap_expand$2region</STRONG> (Thumb, 2 bytes, Stack size 0 bytes, heapauxi.o(.text), UNUSED)

<P><STRONG><a name="[23]"></a>__user_setup_stackheap</STRONG> (Thumb, 62 bytes, Stack size 8 bytes, sys_stackheap_outer.o(.text))
<BR><BR>[Stack]<UL><LI>Max Depth = 8 + Unknown Stack Size
<LI>Call Chain = __user_setup_stackheap
</UL>
<BR>[Calls]<UL><LI><a href="#[1e]">&gt;&gt;</a>&nbsp;&nbsp;&nbsp;__user_initial_stackheap
<LI><a href="#[2d]">&gt;&gt;</a>&nbsp;&nbsp;&nbsp;__user_perproc_libspace
</UL>
<BR>[Called By]<UL><LI><a href="#[22]">&gt;&gt;</a>&nbsp;&nbsp;&nbsp;__rt_entry_sh
</UL>

<P><STRONG><a name="[28]"></a>exit</STRONG> (Thumb, 16 bytes, Stack size 8 bytes, exit.o(.text))
<BR><BR>[Stack]<UL><LI>Max Depth = 8 + Unknown Stack Size
<LI>Call Chain = exit
</UL>
<BR>[Calls]<UL><LI><a href="#[2e]">&gt;&gt;</a>&nbsp;&nbsp;&nbsp;_call_atexit_fns (Weak Reference)
<LI><a href="#[2f]">&gt;&gt;</a>&nbsp;&nbsp;&nbsp;__rt_exit
</UL>
<BR>[Called By]<UL><LI><a href="#[26]">&gt;&gt;</a>&nbsp;&nbsp;&nbsp;__rt_entry_main
</UL>

<P><STRONG><a name="[92]"></a>__user_libspace</STRONG> (Thumb, 8 bytes, Stack size 0 bytes, libspace.o(.text), UNUSED)

<P><STRONG><a name="[2d]"></a>__user_perproc_libspace</STRONG> (Thumb, 0 bytes, Stack size 0 bytes, libspace.o(.text))
<BR><BR>[Called By]<UL><LI><a href="#[23]">&gt;&gt;</a>&nbsp;&nbsp;&nbsp;__user_setup_stackheap
</UL>

<P><STRONG><a name="[93]"></a>__user_perthread_libspace</STRONG> (Thumb, 0 bytes, Stack size 0 bytes, libspace.o(.text), UNUSED)

<P><STRONG><a name="[2c]"></a>_sys_exit</STRONG> (Thumb, 8 bytes, Stack size 0 bytes, sys_exit.o(.text))
<BR><BR>[Called By]<UL><LI><a href="#[2b]">&gt;&gt;</a>&nbsp;&nbsp;&nbsp;__rt_exit_exit
</UL>

<P><STRONG><a name="[94]"></a>__I$use$semihosting</STRONG> (Thumb, 0 bytes, Stack size 0 bytes, use_no_semi.o(.text), UNUSED)

<P><STRONG><a name="[95]"></a>__use_no_semihosting_swi</STRONG> (Thumb, 2 bytes, Stack size 0 bytes, use_no_semi.o(.text), UNUSED)

<P><STRONG><a name="[96]"></a>__decompress</STRONG> (Thumb, 0 bytes, Stack size unknown bytes, __dczerorl2.o(.text), UNUSED)

<P><STRONG><a name="[97]"></a>__decompress1</STRONG> (Thumb, 86 bytes, Stack size unknown bytes, __dczerorl2.o(.text), UNUSED)

<P><STRONG><a name="[98]"></a>__semihosting_library_function</STRONG> (Thumb, 0 bytes, Stack size unknown bytes, indicate_semi.o(.text), UNUSED)

<P><STRONG><a name="[30]"></a>DownPressed</STRONG> (Thumb, 44 bytes, Stack size 8 bytes, main.o(.text.DownPressed))
<BR><BR>[Stack]<UL><LI>Max Depth = 8<LI>Call Chain = DownPressed
</UL>
<BR>[Calls]<UL><LI><a href="#[31]">&gt;&gt;</a>&nbsp;&nbsp;&nbsp;keyPressed
<LI><a href="#[32]">&gt;&gt;</a>&nbsp;&nbsp;&nbsp;egetchar
</UL>
<BR>[Called By]<UL><LI><a href="#[54]">&gt;&gt;</a>&nbsp;&nbsp;&nbsp;playBrici
</UL>

<P><STRONG><a name="[33]"></a>LeftPressed</STRONG> (Thumb, 44 bytes, Stack size 8 bytes, main.o(.text.LeftPressed))
<BR><BR>[Stack]<UL><LI>Max Depth = 8<LI>Call Chain = LeftPressed
</UL>
<BR>[Calls]<UL><LI><a href="#[31]">&gt;&gt;</a>&nbsp;&nbsp;&nbsp;keyPressed
<LI><a href="#[32]">&gt;&gt;</a>&nbsp;&nbsp;&nbsp;egetchar
</UL>
<BR>[Called By]<UL><LI><a href="#[54]">&gt;&gt;</a>&nbsp;&nbsp;&nbsp;playBrici
</UL>

<P><STRONG><a name="[5a]"></a>RGBToWord</STRONG> (Thumb, 22 bytes, Stack size 0 bytes, display.o(.text.RGBToWord))
<BR><BR>[Called By]<UL><LI><a href="#[58]">&gt;&gt;</a>&nbsp;&nbsp;&nbsp;showBat
<LI><a href="#[56]">&gt;&gt;</a>&nbsp;&nbsp;&nbsp;showBall
<LI><a href="#[54]">&gt;&gt;</a>&nbsp;&nbsp;&nbsp;playBrici
</UL>

<P><STRONG><a name="[34]"></a>RightPressed</STRONG> (Thumb, 48 bytes, Stack size 8 bytes, main.o(.text.RightPressed))
<BR><BR>[Stack]<UL><LI>Max Depth = 8<LI>Call Chain = RightPressed
</UL>
<BR>[Calls]<UL><LI><a href="#[31]">&gt;&gt;</a>&nbsp;&nbsp;&nbsp;keyPressed
<LI><a href="#[32]">&gt;&gt;</a>&nbsp;&nbsp;&nbsp;egetchar
</UL>
<BR>[Called By]<UL><LI><a href="#[54]">&gt;&gt;</a>&nbsp;&nbsp;&nbsp;playBrici
</UL>

<P><STRONG><a name="[35]"></a>SerialBegin</STRONG> (Thumb, 160 bytes, Stack size 32 bytes, main.o(.text.SerialBegin))
<BR><BR>[Stack]<UL><LI>Max Depth = 32<LI>Call Chain = SerialBegin
</UL>
<BR>[Calls]<UL><LI><a href="#[36]">&gt;&gt;</a>&nbsp;&nbsp;&nbsp;pinMode
</UL>
<BR>[Called By]<UL><LI><a href="#[27]">&gt;&gt;</a>&nbsp;&nbsp;&nbsp;main
</UL>

<P><STRONG><a name="[5]"></a>SysTick_Handler</STRONG> (Thumb, 44 bytes, Stack size 0 bytes, main.o(.text.SysTick_Handler))
<BR>[Address Reference Count : 1]<UL><LI> startup_stm32f031x6.o(RESET)
</UL>
<P><STRONG><a name="[1c]"></a>SystemInit</STRONG> (Thumb, 2 bytes, Stack size 0 bytes, system_stm32f0xx.o(.text.SystemInit))
<BR>[Address Reference Count : 1]<UL><LI> startup_stm32f031x6.o(.text)
</UL>
<P><STRONG><a name="[37]"></a>UpPressed</STRONG> (Thumb, 48 bytes, Stack size 8 bytes, main.o(.text.UpPressed))
<BR><BR>[Stack]<UL><LI>Max Depth = 8<LI>Call Chain = UpPressed
</UL>
<BR>[Calls]<UL><LI><a href="#[31]">&gt;&gt;</a>&nbsp;&nbsp;&nbsp;keyPressed
<LI><a href="#[32]">&gt;&gt;</a>&nbsp;&nbsp;&nbsp;egetchar
</UL>
<BR>[Called By]<UL><LI><a href="#[54]">&gt;&gt;</a>&nbsp;&nbsp;&nbsp;playBrici
</UL>

<P><STRONG><a name="[62]"></a>blockTouching</STRONG> (Thumb, 120 bytes, Stack size 8 bytes, main.o(.text.blockTouching))
<BR><BR>[Stack]<UL><LI>Max Depth = 8<LI>Call Chain = blockTouching
</UL>
<BR>[Called By]<UL><LI><a href="#[54]">&gt;&gt;</a>&nbsp;&nbsp;&nbsp;playBrici
</UL>

<P><STRONG><a name="[41]"></a>delay</STRONG> (Thumb, 36 bytes, Stack size 4 bytes, main.o(.text.delay))
<BR><BR>[Stack]<UL><LI>Max Depth = 4<LI>Call Chain = delay
</UL>
<BR>[Called By]<UL><LI><a href="#[65]">&gt;&gt;</a>&nbsp;&nbsp;&nbsp;playTune4
<LI><a href="#[64]">&gt;&gt;</a>&nbsp;&nbsp;&nbsp;playTune3
<LI><a href="#[67]">&gt;&gt;</a>&nbsp;&nbsp;&nbsp;playTune2
<LI><a href="#[59]">&gt;&gt;</a>&nbsp;&nbsp;&nbsp;playTune
<LI><a href="#[54]">&gt;&gt;</a>&nbsp;&nbsp;&nbsp;playBrici
<LI><a href="#[3d]">&gt;&gt;</a>&nbsp;&nbsp;&nbsp;display_begin
</UL>

<P><STRONG><a name="[3d]"></a>display_begin</STRONG> (Thumb, 532 bytes, Stack size 32 bytes, display.o(.text.display_begin))
<BR><BR>[Stack]<UL><LI>Max Depth = 88<LI>Call Chain = display_begin &rArr; fillRectangle &rArr; openAperture &rArr; data &rArr; transferSPI8
</UL>
<BR>[Calls]<UL><LI><a href="#[3e]">&gt;&gt;</a>&nbsp;&nbsp;&nbsp;initSPI
<LI><a href="#[3b]">&gt;&gt;</a>&nbsp;&nbsp;&nbsp;data
<LI><a href="#[38]">&gt;&gt;</a>&nbsp;&nbsp;&nbsp;command
<LI><a href="#[42]">&gt;&gt;</a>&nbsp;&nbsp;&nbsp;ResetLow
<LI><a href="#[40]">&gt;&gt;</a>&nbsp;&nbsp;&nbsp;ResetHigh
<LI><a href="#[43]">&gt;&gt;</a>&nbsp;&nbsp;&nbsp;CSLow
<LI><a href="#[3f]">&gt;&gt;</a>&nbsp;&nbsp;&nbsp;CSHigh
<LI><a href="#[44]">&gt;&gt;</a>&nbsp;&nbsp;&nbsp;fillRectangle
<LI><a href="#[41]">&gt;&gt;</a>&nbsp;&nbsp;&nbsp;delay
</UL>
<BR>[Called By]<UL><LI><a href="#[27]">&gt;&gt;</a>&nbsp;&nbsp;&nbsp;main
</UL>

<P><STRONG><a name="[32]"></a>egetchar</STRONG> (Thumb, 16 bytes, Stack size 0 bytes, main.o(.text.egetchar))
<BR><BR>[Called By]<UL><LI><a href="#[37]">&gt;&gt;</a>&nbsp;&nbsp;&nbsp;UpPressed
<LI><a href="#[34]">&gt;&gt;</a>&nbsp;&nbsp;&nbsp;RightPressed
<LI><a href="#[33]">&gt;&gt;</a>&nbsp;&nbsp;&nbsp;LeftPressed
<LI><a href="#[30]">&gt;&gt;</a>&nbsp;&nbsp;&nbsp;DownPressed
</UL>

<P><STRONG><a name="[50]"></a>enablePullUp</STRONG> (Thumb, 24 bytes, Stack size 0 bytes, main.o(.text.enablePullUp))
<BR><BR>[Called By]<UL><LI><a href="#[27]">&gt;&gt;</a>&nbsp;&nbsp;&nbsp;main
</UL>

<P><STRONG><a name="[46]"></a>eputchar</STRONG> (Thumb, 20 bytes, Stack size 0 bytes, main.o(.text.eputchar))
<BR><BR>[Called By]<UL><LI><a href="#[45]">&gt;&gt;</a>&nbsp;&nbsp;&nbsp;eputs
</UL>

<P><STRONG><a name="[45]"></a>eputs</STRONG> (Thumb, 28 bytes, Stack size 8 bytes, main.o(.text.eputs))
<BR><BR>[Stack]<UL><LI>Max Depth = 8<LI>Call Chain = eputs
</UL>
<BR>[Calls]<UL><LI><a href="#[46]">&gt;&gt;</a>&nbsp;&nbsp;&nbsp;eputchar
</UL>
<BR>[Called By]<UL><LI><a href="#[54]">&gt;&gt;</a>&nbsp;&nbsp;&nbsp;playBrici
</UL>

<P><STRONG><a name="[44]"></a>fillRectangle</STRONG> (Thumb, 46 bytes, Stack size 16 bytes, display.o(.text.fillRectangle))
<BR><BR>[Stack]<UL><LI>Max Depth = 56<LI>Call Chain = fillRectangle &rArr; openAperture &rArr; data &rArr; transferSPI8
</UL>
<BR>[Calls]<UL><LI><a href="#[47]">&gt;&gt;</a>&nbsp;&nbsp;&nbsp;openAperture
<LI><a href="#[48]">&gt;&gt;</a>&nbsp;&nbsp;&nbsp;transferSPI16
<LI><a href="#[3c]">&gt;&gt;</a>&nbsp;&nbsp;&nbsp;DCHigh
</UL>
<BR>[Called By]<UL><LI><a href="#[5e]">&gt;&gt;</a>&nbsp;&nbsp;&nbsp;showBlock
<LI><a href="#[58]">&gt;&gt;</a>&nbsp;&nbsp;&nbsp;showBat
<LI><a href="#[56]">&gt;&gt;</a>&nbsp;&nbsp;&nbsp;showBall
<LI><a href="#[54]">&gt;&gt;</a>&nbsp;&nbsp;&nbsp;playBrici
<LI><a href="#[4b]">&gt;&gt;</a>&nbsp;&nbsp;&nbsp;hideBlock
<LI><a href="#[4a]">&gt;&gt;</a>&nbsp;&nbsp;&nbsp;hideBat
<LI><a href="#[49]">&gt;&gt;</a>&nbsp;&nbsp;&nbsp;hideBall
<LI><a href="#[3d]">&gt;&gt;</a>&nbsp;&nbsp;&nbsp;display_begin
</UL>

<P><STRONG><a name="[49]"></a>hideBall</STRONG> (Thumb, 32 bytes, Stack size 16 bytes, main.o(.text.hideBall))
<BR><BR>[Stack]<UL><LI>Max Depth = 72<LI>Call Chain = hideBall &rArr; fillRectangle &rArr; openAperture &rArr; data &rArr; transferSPI8
</UL>
<BR>[Calls]<UL><LI><a href="#[44]">&gt;&gt;</a>&nbsp;&nbsp;&nbsp;fillRectangle
</UL>
<BR>[Called By]<UL><LI><a href="#[55]">&gt;&gt;</a>&nbsp;&nbsp;&nbsp;moveBall
</UL>

<P><STRONG><a name="[4a]"></a>hideBat</STRONG> (Thumb, 28 bytes, Stack size 16 bytes, main.o(.text.hideBat))
<BR><BR>[Stack]<UL><LI>Max Depth = 72<LI>Call Chain = hideBat &rArr; fillRectangle &rArr; openAperture &rArr; data &rArr; transferSPI8
</UL>
<BR>[Calls]<UL><LI><a href="#[44]">&gt;&gt;</a>&nbsp;&nbsp;&nbsp;fillRectangle
</UL>
<BR>[Called By]<UL><LI><a href="#[57]">&gt;&gt;</a>&nbsp;&nbsp;&nbsp;moveBat
</UL>

<P><STRONG><a name="[4b]"></a>hideBlock</STRONG> (Thumb, 36 bytes, Stack size 24 bytes, main.o(.text.hideBlock))
<BR><BR>[Stack]<UL><LI>Max Depth = 80<LI>Call Chain = hideBlock &rArr; fillRectangle &rArr; openAperture &rArr; data &rArr; transferSPI8
</UL>
<BR>[Calls]<UL><LI><a href="#[44]">&gt;&gt;</a>&nbsp;&nbsp;&nbsp;fillRectangle
</UL>
<BR>[Called By]<UL><LI><a href="#[54]">&gt;&gt;</a>&nbsp;&nbsp;&nbsp;playBrici
</UL>

<P><STRONG><a name="[4e]"></a>initClock</STRONG> (Thumb, 100 bytes, Stack size 16 bytes, main.o(.text.initClock))
<BR><BR>[Stack]<UL><LI>Max Depth = 16<LI>Call Chain = initClock
</UL>
<BR>[Called By]<UL><LI><a href="#[27]">&gt;&gt;</a>&nbsp;&nbsp;&nbsp;main
</UL>

<P><STRONG><a name="[4f]"></a>initSysTick</STRONG> (Thumb, 28 bytes, Stack size 0 bytes, main.o(.text.initSysTick))
<BR><BR>[Called By]<UL><LI><a href="#[27]">&gt;&gt;</a>&nbsp;&nbsp;&nbsp;main
</UL>

<P><STRONG><a name="[4c]"></a>initTimer</STRONG> (Thumb, 112 bytes, Stack size 16 bytes, main.o(.text.initTimer))
<BR><BR>[Stack]<UL><LI>Max Depth = 16<LI>Call Chain = initTimer
</UL>
<BR>[Calls]<UL><LI><a href="#[4d]">&gt;&gt;</a>&nbsp;&nbsp;&nbsp;__aeabi_uidiv
<LI><a href="#[36]">&gt;&gt;</a>&nbsp;&nbsp;&nbsp;pinMode
</UL>
<BR>[Called By]<UL><LI><a href="#[27]">&gt;&gt;</a>&nbsp;&nbsp;&nbsp;main
</UL>

<P><STRONG><a name="[31]"></a>keyPressed</STRONG> (Thumb, 16 bytes, Stack size 0 bytes, main.o(.text.keyPressed))
<BR><BR>[Called By]<UL><LI><a href="#[37]">&gt;&gt;</a>&nbsp;&nbsp;&nbsp;UpPressed
<LI><a href="#[34]">&gt;&gt;</a>&nbsp;&nbsp;&nbsp;RightPressed
<LI><a href="#[33]">&gt;&gt;</a>&nbsp;&nbsp;&nbsp;LeftPressed
<LI><a href="#[30]">&gt;&gt;</a>&nbsp;&nbsp;&nbsp;DownPressed
</UL>

<P><STRONG><a name="[53]"></a>levelOff</STRONG> (Thumb, 12 bytes, Stack size 0 bytes, main.o(.text.levelOff))
<BR><BR>[Called By]<UL><LI><a href="#[54]">&gt;&gt;</a>&nbsp;&nbsp;&nbsp;playBrici
<LI><a href="#[27]">&gt;&gt;</a>&nbsp;&nbsp;&nbsp;main
</UL>

<P><STRONG><a name="[63]"></a>levelOn</STRONG> (Thumb, 12 bytes, Stack size 0 bytes, main.o(.text.levelOn))
<BR><BR>[Called By]<UL><LI><a href="#[54]">&gt;&gt;</a>&nbsp;&nbsp;&nbsp;playBrici
</UL>

<P><STRONG><a name="[27]"></a>main</STRONG> (Thumb, 200 bytes, Stack size 16 bytes, main.o(.text.main))
<BR><BR>[Stack]<UL><LI>Max Depth = 352<LI>Call Chain = main &rArr; playBrici &rArr; printNumber &rArr; printText &rArr; putImage &rArr; openAperture &rArr; data &rArr; transferSPI8
</UL>
<BR>[Calls]<UL><LI><a href="#[54]">&gt;&gt;</a>&nbsp;&nbsp;&nbsp;playBrici
<LI><a href="#[36]">&gt;&gt;</a>&nbsp;&nbsp;&nbsp;pinMode
<LI><a href="#[51]">&gt;&gt;</a>&nbsp;&nbsp;&nbsp;pauseOff
<LI><a href="#[52]">&gt;&gt;</a>&nbsp;&nbsp;&nbsp;overOff
<LI><a href="#[53]">&gt;&gt;</a>&nbsp;&nbsp;&nbsp;levelOff
<LI><a href="#[4c]">&gt;&gt;</a>&nbsp;&nbsp;&nbsp;initTimer
<LI><a href="#[4f]">&gt;&gt;</a>&nbsp;&nbsp;&nbsp;initSysTick
<LI><a href="#[4e]">&gt;&gt;</a>&nbsp;&nbsp;&nbsp;initClock
<LI><a href="#[50]">&gt;&gt;</a>&nbsp;&nbsp;&nbsp;enablePullUp
<LI><a href="#[3d]">&gt;&gt;</a>&nbsp;&nbsp;&nbsp;display_begin
<LI><a href="#[35]">&gt;&gt;</a>&nbsp;&nbsp;&nbsp;SerialBegin
</UL>
<BR>[Called By]<UL><LI><a href="#[26]">&gt;&gt;</a>&nbsp;&nbsp;&nbsp;__rt_entry_main
</UL>

<P><STRONG><a name="[55]"></a>moveBall</STRONG> (Thumb, 32 bytes, Stack size 16 bytes, main.o(.text.moveBall))
<BR><BR>[Stack]<UL><LI>Max Depth = 96<LI>Call Chain = moveBall &rArr; showBall &rArr; fillRectangle &rArr; openAperture &rArr; data &rArr; transferSPI8
</UL>
<BR>[Calls]<UL><LI><a href="#[56]">&gt;&gt;</a>&nbsp;&nbsp;&nbsp;showBall
<LI><a href="#[49]">&gt;&gt;</a>&nbsp;&nbsp;&nbsp;hideBall
</UL>
<BR>[Called By]<UL><LI><a href="#[54]">&gt;&gt;</a>&nbsp;&nbsp;&nbsp;playBrici
</UL>

<P><STRONG><a name="[57]"></a>moveBat</STRONG> (Thumb, 32 bytes, Stack size 16 bytes, main.o(.text.moveBat))
<BR><BR>[Stack]<UL><LI>Max Depth = 96<LI>Call Chain = moveBat &rArr; showBat &rArr; fillRectangle &rArr; openAperture &rArr; data &rArr; transferSPI8
</UL>
<BR>[Calls]<UL><LI><a href="#[58]">&gt;&gt;</a>&nbsp;&nbsp;&nbsp;showBat
<LI><a href="#[4a]">&gt;&gt;</a>&nbsp;&nbsp;&nbsp;hideBat
</UL>
<BR>[Called By]<UL><LI><a href="#[54]">&gt;&gt;</a>&nbsp;&nbsp;&nbsp;playBrici
</UL>

<P><STRONG><a name="[47]"></a>openAperture</STRONG> (Thumb, 82 bytes, Stack size 24 bytes, display.o(.text.openAperture))
<BR><BR>[Stack]<UL><LI>Max Depth = 40<LI>Call Chain = openAperture &rArr; data &rArr; transferSPI8
</UL>
<BR>[Calls]<UL><LI><a href="#[3b]">&gt;&gt;</a>&nbsp;&nbsp;&nbsp;data
<LI><a href="#[38]">&gt;&gt;</a>&nbsp;&nbsp;&nbsp;command
</UL>
<BR>[Called By]<UL><LI><a href="#[69]">&gt;&gt;</a>&nbsp;&nbsp;&nbsp;putImage
<LI><a href="#[44]">&gt;&gt;</a>&nbsp;&nbsp;&nbsp;fillRectangle
</UL>

<P><STRONG><a name="[52]"></a>overOff</STRONG> (Thumb, 12 bytes, Stack size 0 bytes, main.o(.text.overOff))
<BR><BR>[Called By]<UL><LI><a href="#[54]">&gt;&gt;</a>&nbsp;&nbsp;&nbsp;playBrici
<LI><a href="#[27]">&gt;&gt;</a>&nbsp;&nbsp;&nbsp;main
</UL>

<P><STRONG><a name="[66]"></a>overOn</STRONG> (Thumb, 16 bytes, Stack size 0 bytes, main.o(.text.overOn))
<BR><BR>[Called By]<UL><LI><a href="#[54]">&gt;&gt;</a>&nbsp;&nbsp;&nbsp;playBrici
</UL>

<P><STRONG><a name="[51]"></a>pauseOff</STRONG> (Thumb, 12 bytes, Stack size 0 bytes, main.o(.text.pauseOff))
<BR><BR>[Called By]<UL><LI><a href="#[54]">&gt;&gt;</a>&nbsp;&nbsp;&nbsp;playBrici
<LI><a href="#[27]">&gt;&gt;</a>&nbsp;&nbsp;&nbsp;main
</UL>

<P><STRONG><a name="[60]"></a>pauseOn</STRONG> (Thumb, 16 bytes, Stack size 0 bytes, main.o(.text.pauseOn))
<BR><BR>[Called By]<UL><LI><a href="#[54]">&gt;&gt;</a>&nbsp;&nbsp;&nbsp;playBrici
</UL>

<P><STRONG><a name="[36]"></a>pinMode</STRONG> (Thumb, 18 bytes, Stack size 0 bytes, main.o(.text.pinMode))
<BR><BR>[Called By]<UL><LI><a href="#[27]">&gt;&gt;</a>&nbsp;&nbsp;&nbsp;main
<LI><a href="#[4c]">&gt;&gt;</a>&nbsp;&nbsp;&nbsp;initTimer
<LI><a href="#[35]">&gt;&gt;</a>&nbsp;&nbsp;&nbsp;SerialBegin
</UL>

<P><STRONG><a name="[54]"></a>playBrici</STRONG> (Thumb, 3052 bytes, Stack size 64 bytes, main.o(.text.playBrici))
<BR><BR>[Stack]<UL><LI>Max Depth = 336<LI>Call Chain = playBrici &rArr; printNumber &rArr; printText &rArr; putImage &rArr; openAperture &rArr; data &rArr; transferSPI8
</UL>
<BR>[Calls]<UL><LI><a href="#[5e]">&gt;&gt;</a>&nbsp;&nbsp;&nbsp;showBlock
<LI><a href="#[58]">&gt;&gt;</a>&nbsp;&nbsp;&nbsp;showBat
<LI><a href="#[56]">&gt;&gt;</a>&nbsp;&nbsp;&nbsp;showBall
<LI><a href="#[5c]">&gt;&gt;</a>&nbsp;&nbsp;&nbsp;randomize
<LI><a href="#[5d]">&gt;&gt;</a>&nbsp;&nbsp;&nbsp;random
<LI><a href="#[5b]">&gt;&gt;</a>&nbsp;&nbsp;&nbsp;printText
<LI><a href="#[5f]">&gt;&gt;</a>&nbsp;&nbsp;&nbsp;printNumber
<LI><a href="#[65]">&gt;&gt;</a>&nbsp;&nbsp;&nbsp;playTune4
<LI><a href="#[64]">&gt;&gt;</a>&nbsp;&nbsp;&nbsp;playTune3
<LI><a href="#[67]">&gt;&gt;</a>&nbsp;&nbsp;&nbsp;playTune2
<LI><a href="#[59]">&gt;&gt;</a>&nbsp;&nbsp;&nbsp;playTune
<LI><a href="#[61]">&gt;&gt;</a>&nbsp;&nbsp;&nbsp;playNote
<LI><a href="#[60]">&gt;&gt;</a>&nbsp;&nbsp;&nbsp;pauseOn
<LI><a href="#[51]">&gt;&gt;</a>&nbsp;&nbsp;&nbsp;pauseOff
<LI><a href="#[66]">&gt;&gt;</a>&nbsp;&nbsp;&nbsp;overOn
<LI><a href="#[52]">&gt;&gt;</a>&nbsp;&nbsp;&nbsp;overOff
<LI><a href="#[57]">&gt;&gt;</a>&nbsp;&nbsp;&nbsp;moveBat
<LI><a href="#[55]">&gt;&gt;</a>&nbsp;&nbsp;&nbsp;moveBall
<LI><a href="#[63]">&gt;&gt;</a>&nbsp;&nbsp;&nbsp;levelOn
<LI><a href="#[53]">&gt;&gt;</a>&nbsp;&nbsp;&nbsp;levelOff
<LI><a href="#[4b]">&gt;&gt;</a>&nbsp;&nbsp;&nbsp;hideBlock
<LI><a href="#[44]">&gt;&gt;</a>&nbsp;&nbsp;&nbsp;fillRectangle
<LI><a href="#[45]">&gt;&gt;</a>&nbsp;&nbsp;&nbsp;eputs
<LI><a href="#[41]">&gt;&gt;</a>&nbsp;&nbsp;&nbsp;delay
<LI><a href="#[62]">&gt;&gt;</a>&nbsp;&nbsp;&nbsp;blockTouching
<LI><a href="#[37]">&gt;&gt;</a>&nbsp;&nbsp;&nbsp;UpPressed
<LI><a href="#[34]">&gt;&gt;</a>&nbsp;&nbsp;&nbsp;RightPressed
<LI><a href="#[5a]">&gt;&gt;</a>&nbsp;&nbsp;&nbsp;RGBToWord
<LI><a href="#[33]">&gt;&gt;</a>&nbsp;&nbsp;&nbsp;LeftPressed
<LI><a href="#[30]">&gt;&gt;</a>&nbsp;&nbsp;&nbsp;DownPressed
</UL>
<BR>[Called By]<UL><LI><a href="#[27]">&gt;&gt;</a>&nbsp;&nbsp;&nbsp;main
</UL>

<P><STRONG><a name="[61]"></a>playNote</STRONG> (Thumb, 84 bytes, Stack size 24 bytes, main.o(.text.playNote))
<BR><BR>[Stack]<UL><LI>Max Depth = 24<LI>Call Chain = playNote
</UL>
<BR>[Calls]<UL><LI><a href="#[4d]">&gt;&gt;</a>&nbsp;&nbsp;&nbsp;__aeabi_uidiv
</UL>
<BR>[Called By]<UL><LI><a href="#[65]">&gt;&gt;</a>&nbsp;&nbsp;&nbsp;playTune4
<LI><a href="#[64]">&gt;&gt;</a>&nbsp;&nbsp;&nbsp;playTune3
<LI><a href="#[67]">&gt;&gt;</a>&nbsp;&nbsp;&nbsp;playTune2
<LI><a href="#[59]">&gt;&gt;</a>&nbsp;&nbsp;&nbsp;playTune
<LI><a href="#[54]">&gt;&gt;</a>&nbsp;&nbsp;&nbsp;playBrici
</UL>

<P><STRONG><a name="[59]"></a>playTune</STRONG> (Thumb, 44 bytes, Stack size 24 bytes, main.o(.text.playTune))
<BR><BR>[Stack]<UL><LI>Max Depth = 48<LI>Call Chain = playTune &rArr; playNote
</UL>
<BR>[Calls]<UL><LI><a href="#[61]">&gt;&gt;</a>&nbsp;&nbsp;&nbsp;playNote
<LI><a href="#[41]">&gt;&gt;</a>&nbsp;&nbsp;&nbsp;delay
</UL>
<BR>[Called By]<UL><LI><a href="#[54]">&gt;&gt;</a>&nbsp;&nbsp;&nbsp;playBrici
</UL>

<P><STRONG><a name="[67]"></a>playTune2</STRONG> (Thumb, 40 bytes, Stack size 16 bytes, main.o(.text.playTune2))
<BR><BR>[Stack]<UL><LI>Max Depth = 40<LI>Call Chain = playTune2 &rArr; playNote
</UL>
<BR>[Calls]<UL><LI><a href="#[61]">&gt;&gt;</a>&nbsp;&nbsp;&nbsp;playNote
<LI><a href="#[41]">&gt;&gt;</a>&nbsp;&nbsp;&nbsp;delay
</UL>
<BR>[Called By]<UL><LI><a href="#[54]">&gt;&gt;</a>&nbsp;&nbsp;&nbsp;playBrici
</UL>

<P><STRONG><a name="[64]"></a>playTune3</STRONG> (Thumb, 48 bytes, Stack size 24 bytes, main.o(.text.playTune3))
<BR><BR>[Stack]<UL><LI>Max Depth = 48<LI>Call Chain = playTune3 &rArr; playNote
</UL>
<BR>[Calls]<UL><LI><a href="#[61]">&gt;&gt;</a>&nbsp;&nbsp;&nbsp;playNote
<LI><a href="#[41]">&gt;&gt;</a>&nbsp;&nbsp;&nbsp;delay
</UL>
<BR>[Called By]<UL><LI><a href="#[54]">&gt;&gt;</a>&nbsp;&nbsp;&nbsp;playBrici
</UL>

<P><STRONG><a name="[65]"></a>playTune4</STRONG> (Thumb, 52 bytes, Stack size 24 bytes, main.o(.text.playTune4))
<BR><BR>[Stack]<UL><LI>Max Depth = 48<LI>Call Chain = playTune4 &rArr; playNote
</UL>
<BR>[Calls]<UL><LI><a href="#[61]">&gt;&gt;</a>&nbsp;&nbsp;&nbsp;playNote
<LI><a href="#[41]">&gt;&gt;</a>&nbsp;&nbsp;&nbsp;delay
</UL>
<BR>[Called By]<UL><LI><a href="#[54]">&gt;&gt;</a>&nbsp;&nbsp;&nbsp;playBrici
</UL>

<P><STRONG><a name="[5f]"></a>printNumber</STRONG> (Thumb, 80 bytes, Stack size 56 bytes, display.o(.text.printNumber))
<BR><BR>[Stack]<UL><LI>Max Depth = 272<LI>Call Chain = printNumber &rArr; printText &rArr; putImage &rArr; openAperture &rArr; data &rArr; transferSPI8
</UL>
<BR>[Calls]<UL><LI><a href="#[4d]">&gt;&gt;</a>&nbsp;&nbsp;&nbsp;__aeabi_uidiv
<LI><a href="#[5b]">&gt;&gt;</a>&nbsp;&nbsp;&nbsp;printText
</UL>
<BR>[Called By]<UL><LI><a href="#[54]">&gt;&gt;</a>&nbsp;&nbsp;&nbsp;playBrici
</UL>

<P><STRONG><a name="[5b]"></a>printText</STRONG> (Thumb, 152 bytes, Stack size 136 bytes, display.o(.text.printText))
<BR><BR>[Stack]<UL><LI>Max Depth = 216<LI>Call Chain = printText &rArr; putImage &rArr; openAperture &rArr; data &rArr; transferSPI8
</UL>
<BR>[Calls]<UL><LI><a href="#[69]">&gt;&gt;</a>&nbsp;&nbsp;&nbsp;putImage
<LI><a href="#[68]">&gt;&gt;</a>&nbsp;&nbsp;&nbsp;mystrlen
</UL>
<BR>[Called By]<UL><LI><a href="#[5f]">&gt;&gt;</a>&nbsp;&nbsp;&nbsp;printNumber
<LI><a href="#[54]">&gt;&gt;</a>&nbsp;&nbsp;&nbsp;playBrici
</UL>

<P><STRONG><a name="[69]"></a>putImage</STRONG> (Thumb, 296 bytes, Stack size 40 bytes, display.o(.text.putImage))
<BR><BR>[Stack]<UL><LI>Max Depth = 80<LI>Call Chain = putImage &rArr; openAperture &rArr; data &rArr; transferSPI8
</UL>
<BR>[Calls]<UL><LI><a href="#[47]">&gt;&gt;</a>&nbsp;&nbsp;&nbsp;openAperture
<LI><a href="#[48]">&gt;&gt;</a>&nbsp;&nbsp;&nbsp;transferSPI16
<LI><a href="#[3c]">&gt;&gt;</a>&nbsp;&nbsp;&nbsp;DCHigh
</UL>
<BR>[Called By]<UL><LI><a href="#[5b]">&gt;&gt;</a>&nbsp;&nbsp;&nbsp;printText
</UL>

<P><STRONG><a name="[5d]"></a>random</STRONG> (Thumb, 36 bytes, Stack size 16 bytes, main.o(.text.random))
<BR><BR>[Stack]<UL><LI>Max Depth = 16<LI>Call Chain = random
</UL>
<BR>[Calls]<UL><LI><a href="#[6a]">&gt;&gt;</a>&nbsp;&nbsp;&nbsp;__aeabi_uidivmod
</UL>
<BR>[Called By]<UL><LI><a href="#[54]">&gt;&gt;</a>&nbsp;&nbsp;&nbsp;playBrici
</UL>

<P><STRONG><a name="[5c]"></a>randomize</STRONG> (Thumb, 32 bytes, Stack size 0 bytes, main.o(.text.randomize))
<BR><BR>[Called By]<UL><LI><a href="#[54]">&gt;&gt;</a>&nbsp;&nbsp;&nbsp;playBrici
</UL>

<P><STRONG><a name="[56]"></a>showBall</STRONG> (Thumb, 48 bytes, Stack size 24 bytes, main.o(.text.showBall))
<BR><BR>[Stack]<UL><LI>Max Depth = 80<LI>Call Chain = showBall &rArr; fillRectangle &rArr; openAperture &rArr; data &rArr; transferSPI8
</UL>
<BR>[Calls]<UL><LI><a href="#[44]">&gt;&gt;</a>&nbsp;&nbsp;&nbsp;fillRectangle
<LI><a href="#[5a]">&gt;&gt;</a>&nbsp;&nbsp;&nbsp;RGBToWord
</UL>
<BR>[Called By]<UL><LI><a href="#[54]">&gt;&gt;</a>&nbsp;&nbsp;&nbsp;playBrici
<LI><a href="#[55]">&gt;&gt;</a>&nbsp;&nbsp;&nbsp;moveBall
</UL>

<P><STRONG><a name="[58]"></a>showBat</STRONG> (Thumb, 48 bytes, Stack size 24 bytes, main.o(.text.showBat))
<BR><BR>[Stack]<UL><LI>Max Depth = 80<LI>Call Chain = showBat &rArr; fillRectangle &rArr; openAperture &rArr; data &rArr; transferSPI8
</UL>
<BR>[Calls]<UL><LI><a href="#[44]">&gt;&gt;</a>&nbsp;&nbsp;&nbsp;fillRectangle
<LI><a href="#[5a]">&gt;&gt;</a>&nbsp;&nbsp;&nbsp;RGBToWord
</UL>
<BR>[Called By]<UL><LI><a href="#[54]">&gt;&gt;</a>&nbsp;&nbsp;&nbsp;playBrici
<LI><a href="#[57]">&gt;&gt;</a>&nbsp;&nbsp;&nbsp;moveBat
</UL>

<P><STRONG><a name="[5e]"></a>showBlock</STRONG> (Thumb, 40 bytes, Stack size 16 bytes, main.o(.text.showBlock))
<BR><BR>[Stack]<UL><LI>Max Depth = 72<LI>Call Chain = showBlock &rArr; fillRectangle &rArr; openAperture &rArr; data &rArr; transferSPI8
</UL>
<BR>[Calls]<UL><LI><a href="#[44]">&gt;&gt;</a>&nbsp;&nbsp;&nbsp;fillRectangle
</UL>
<BR>[Called By]<UL><LI><a href="#[54]">&gt;&gt;</a>&nbsp;&nbsp;&nbsp;playBrici
</UL>

<P><STRONG><a name="[4d]"></a>__aeabi_uidiv</STRONG> (Thumb, 68 bytes, Stack size 0 bytes, aeabi_sdivfast.o(.text_divfast))
<BR><BR>[Called By]<UL><LI><a href="#[5f]">&gt;&gt;</a>&nbsp;&nbsp;&nbsp;printNumber
<LI><a href="#[61]">&gt;&gt;</a>&nbsp;&nbsp;&nbsp;playNote
<LI><a href="#[4c]">&gt;&gt;</a>&nbsp;&nbsp;&nbsp;initTimer
</UL>

<P><STRONG><a name="[99]"></a>__aeabi_idiv</STRONG> (Thumb, 434 bytes, Stack size 8 bytes, aeabi_sdivfast.o(.text_divfast), UNUSED)
<P>
<H3>
Local Symbols
</H3>
<P><STRONG><a name="[3f]"></a>CSHigh</STRONG> (Thumb, 12 bytes, Stack size 0 bytes, display.o(.text.CSHigh))
<BR><BR>[Called By]<UL><LI><a href="#[3d]">&gt;&gt;</a>&nbsp;&nbsp;&nbsp;display_begin
</UL>

<P><STRONG><a name="[43]"></a>CSLow</STRONG> (Thumb, 12 bytes, Stack size 0 bytes, display.o(.text.CSLow))
<BR><BR>[Called By]<UL><LI><a href="#[3d]">&gt;&gt;</a>&nbsp;&nbsp;&nbsp;display_begin
</UL>

<P><STRONG><a name="[3c]"></a>DCHigh</STRONG> (Thumb, 12 bytes, Stack size 0 bytes, display.o(.text.DCHigh))
<BR><BR>[Called By]<UL><LI><a href="#[69]">&gt;&gt;</a>&nbsp;&nbsp;&nbsp;putImage
<LI><a href="#[3b]">&gt;&gt;</a>&nbsp;&nbsp;&nbsp;data
<LI><a href="#[44]">&gt;&gt;</a>&nbsp;&nbsp;&nbsp;fillRectangle
</UL>

<P><STRONG><a name="[39]"></a>DCLow</STRONG> (Thumb, 12 bytes, Stack size 0 bytes, display.o(.text.DCLow))
<BR><BR>[Called By]<UL><LI><a href="#[38]">&gt;&gt;</a>&nbsp;&nbsp;&nbsp;command
</UL>

<P><STRONG><a name="[40]"></a>ResetHigh</STRONG> (Thumb, 12 bytes, Stack size 0 bytes, display.o(.text.ResetHigh))
<BR><BR>[Called By]<UL><LI><a href="#[3d]">&gt;&gt;</a>&nbsp;&nbsp;&nbsp;display_begin
</UL>

<P><STRONG><a name="[42]"></a>ResetLow</STRONG> (Thumb, 16 bytes, Stack size 0 bytes, display.o(.text.ResetLow))
<BR><BR>[Called By]<UL><LI><a href="#[3d]">&gt;&gt;</a>&nbsp;&nbsp;&nbsp;display_begin
</UL>

<P><STRONG><a name="[38]"></a>command</STRONG> (Thumb, 16 bytes, Stack size 8 bytes, display.o(.text.command))
<BR><BR>[Stack]<UL><LI>Max Depth = 16<LI>Call Chain = command &rArr; transferSPI8
</UL>
<BR>[Calls]<UL><LI><a href="#[3a]">&gt;&gt;</a>&nbsp;&nbsp;&nbsp;transferSPI8
<LI><a href="#[39]">&gt;&gt;</a>&nbsp;&nbsp;&nbsp;DCLow
</UL>
<BR>[Called By]<UL><LI><a href="#[47]">&gt;&gt;</a>&nbsp;&nbsp;&nbsp;openAperture
<LI><a href="#[3d]">&gt;&gt;</a>&nbsp;&nbsp;&nbsp;display_begin
</UL>

<P><STRONG><a name="[3b]"></a>data</STRONG> (Thumb, 16 bytes, Stack size 8 bytes, display.o(.text.data))
<BR><BR>[Stack]<UL><LI>Max Depth = 16<LI>Call Chain = data &rArr; transferSPI8
</UL>
<BR>[Calls]<UL><LI><a href="#[3a]">&gt;&gt;</a>&nbsp;&nbsp;&nbsp;transferSPI8
<LI><a href="#[3c]">&gt;&gt;</a>&nbsp;&nbsp;&nbsp;DCHigh
</UL>
<BR>[Called By]<UL><LI><a href="#[47]">&gt;&gt;</a>&nbsp;&nbsp;&nbsp;openAperture
<LI><a href="#[3d]">&gt;&gt;</a>&nbsp;&nbsp;&nbsp;display_begin
</UL>

<P><STRONG><a name="[3e]"></a>initSPI</STRONG> (Thumb, 88 bytes, Stack size 8 bytes, display.o(.text.initSPI))
<BR><BR>[Stack]<UL><LI>Max Depth = 16<LI>Call Chain = initSPI &rArr; transferSPI8
</UL>
<BR>[Calls]<UL><LI><a href="#[3a]">&gt;&gt;</a>&nbsp;&nbsp;&nbsp;transferSPI8
</UL>
<BR>[Called By]<UL><LI><a href="#[3d]">&gt;&gt;</a>&nbsp;&nbsp;&nbsp;display_begin
</UL>

<P><STRONG><a name="[68]"></a>mystrlen</STRONG> (Thumb, 24 bytes, Stack size 0 bytes, display.o(.text.mystrlen))
<BR><BR>[Called By]<UL><LI><a href="#[5b]">&gt;&gt;</a>&nbsp;&nbsp;&nbsp;printText
</UL>

<P><STRONG><a name="[48]"></a>transferSPI16</STRONG> (Thumb, 36 bytes, Stack size 8 bytes, display.o(.text.transferSPI16))
<BR><BR>[Stack]<UL><LI>Max Depth = 8<LI>Call Chain = transferSPI16
</UL>
<BR>[Called By]<UL><LI><a href="#[69]">&gt;&gt;</a>&nbsp;&nbsp;&nbsp;putImage
<LI><a href="#[44]">&gt;&gt;</a>&nbsp;&nbsp;&nbsp;fillRectangle
</UL>

<P><STRONG><a name="[3a]"></a>transferSPI8</STRONG> (Thumb, 44 bytes, Stack size 8 bytes, display.o(.text.transferSPI8))
<BR><BR>[Stack]<UL><LI>Max Depth = 8<LI>Call Chain = transferSPI8
</UL>
<BR>[Called By]<UL><LI><a href="#[3e]">&gt;&gt;</a>&nbsp;&nbsp;&nbsp;initSPI
<LI><a href="#[3b]">&gt;&gt;</a>&nbsp;&nbsp;&nbsp;data
<LI><a href="#[38]">&gt;&gt;</a>&nbsp;&nbsp;&nbsp;command
</UL>
<P>
<H3>
Undefined Global Symbols
</H3>
<P><STRONG><a name="[2e]"></a>_call_atexit_fns</STRONG> (ARM, 0 bytes, Stack size 0 bytes, UNDEFINED)
<BR><BR>[Called By]<UL><LI><a href="#[28]">&gt;&gt;</a>&nbsp;&nbsp;&nbsp;exit
</UL>
<HR></body></html>
